******************************************************************************
            TI ARM Clang Linker PC v3.2.1                      
******************************************************************************
>> Linked Tue Apr 23 17:29:40 2024

OUTPUT FILE NAME:   <ECE319K_Lab9.out>
ENTRY POINT SYMBOL: "_c_int00_noargs"  address: 00016a35


MEMORY CONFIGURATION

         name            origin    length      used     unused   attr    fill
----------------------  --------  ---------  --------  --------  ----  --------
  FLASH                 00000000   00020000  00016db8  00009248  R  X
  SRAM                  20200000   00008000  0000092c  000076d4  RW X
  BCR_CONFIG            41c00000   00000080  00000000  00000080  R   
  BSL_CONFIG            41c00100   00000080  00000000  00000080  R   


SEGMENT ALLOCATION MAP

run origin  load origin   length   init length attrs members
----------  ----------- ---------- ----------- ----- -------
00000000    00000000    00016db8   00016db8    r-x
  00000000    00000000    000000c0   000000c0    r-- .intvecs
  000000c0    000000c0    000137e0   000137e0    r-- .rodata
  000138a0    000138a0    00003428   00003428    r-x .text
  00016cc8    00016cc8    000000f0   000000f0    r-- .cinit
20200000    20200000    0000072f   00000000    rw-
  20200000    20200000    0000033d   00000000    rw- .data
  20200340    20200340    00000200   00000000    rw- .sysmem
  20200540    20200540    000001ef   00000000    rw- .bss
20207e00    20207e00    00000200   00000000    rw-
  20207e00    20207e00    00000200   00000000    rw- .stack


SECTION ALLOCATION MAP

 output                                  attributes/
section   page    origin      length       input sections
--------  ----  ----------  ----------   ----------------
.intvecs   0    00000000    000000c0     
                  00000000    000000c0     startup_mspm0g3507_ticlang.o (.intvecs)

.text      0    000138a0    00003428     
                  000138a0    00000888     Lab9Main.o (.text.main)
                  00014128    00000210     ST7735.o (.text.ST7735_DrawBitmap)
                  00014338    000001c0     Lab9Main.o (.text.die)
                  000144f8    000001b4     Clock.o (.text.Clock_Init80MHz)
                  000146ac    000001a0     ST7735.o (.text.ST7735_DrawCharS)
                  0001484c    00000180     Lab9Main.o (.text.TIMG12_IRQHandler)
                  000149cc    00000174     Lab9Main.o (.text.MoveFood)
                  00014b40    00000160     libc.a : fopen.c.obj (.text._openfile)
                  00014ca0    0000012c            : memory.c.obj (.text.aligned_alloc)
                  00014dcc    00000128     TExaS.o (.text.ADC_Init)
                  00014ef4    00000118     ST7735.o (.text.ST7735_FillRect)
                  0001500c    00000110     Lab9Main.o (.text.spanishinstructions)
                  0001511c    000000fc     Lab9Main.o (.text.englishinstructions)
                  00015218    000000f8     SPI.o (.text.SPI_Init)
                  00015310    000000ec     libsysbm.a : add_device.c.obj (.text.add_device)
                  000153fc    000000ec     libc.a : memory.c.obj (.text.free)
                  000154e8    000000e8     TExaS.o (.text.UART_Init)
                  000155d0    000000dc     libc.a : setvbuf.c.obj (.text.setvbuf)
                  000156ac    000000d0     ST7735.o (.text.ST7735_OutChar)
                  0001577c    000000a8     Timer.o (.text.TimerG7_IntArm)
                  00015824    000000a8     libsysbm.a : open.c.obj (.text.open)
                  000158cc    000000a2     ST7735.o (.text.commandList)
                  0001596e    00000002     LED.o (.text.LED_Init)
                  00015970    0000009c     ST7735.o (.text.ST7735_InitPrintf)
                  00015a0c    00000098     ST7735.o (.text.ST7735_InitR)
                  00015aa4    00000094     Timer.o (.text.TimerG12_IntArm)
                  00015b38    00000088     ST7735.o (.text.setAddrWindow)
                  00015bc0    00000084     ST7735.o (.text.ST7735_DrawString)
                  00015c44    00000084     ST7735.o (.text.ST7735_OutUDec)
                  00015cc8    0000007c     LaunchPad.o (.text.LaunchPad_Init)
                  00015d44    0000007c     libc.a : fclose.c.obj (.text.__TI_closefile)
                  00015dc0    00000078     ADC1.o (.text.ADCinit)
                  00015e38    00000078     libc.a : copy_decompress_lzss.c.obj (.text:decompress:lzss)
                  00015eb0    00000070     ST7735.o (.text.ST7735_DrawPixel)
                  00015f20    0000006c     libsysbm.a : hostlseek.c.obj (.text.HOSTlseek)
                  00015f8c    0000006c                : hostrename.c.obj (.text.HOSTrename)
                  00015ff8    00000068     libc.a : getdevice.c.obj (.text.getdevice)
                  00016060    00000064            : memory.c.obj (.text.split)
                  000160c4    00000060     libsysbm.a : hostopen.c.obj (.text.HOSTopen)
                  00016124    0000005c     DAC5.o (.text.DAC5_Init)
                  00016180    00000058     libsysbm.a : hostread.c.obj (.text.HOSTread)
                  000161d8    00000058                : hostwrite.c.obj (.text.HOSTwrite)
                  00016230    00000058     TExaS.o (.text.TExaS_Init)
                  00016288    00000054     ST7735.o (.text.fillmessage)
                  000162dc    00000052     libc.a : fflush.c.obj (.text.__TI_doflush)
                  0001632e    00000002     libclang_rt.builtins.a : aeabi_div0.c.obj (.text.__aeabi_idiv0)
                  00016330    00000050     libsysbm.a : close.c.obj (.text.close)
                  00016380    00000048                : hostclose.c.obj (.text.HOSTclose)
                  000163c8    00000048                : hostunlink.c.obj (.text.HOSTunlink)
                  00016410    00000048     SPI.o (.text.SPI_OutCommand)
                  00016458    00000044     ADC1.o (.text.ADCin)
                  0001649c    00000044     Sound.o (.text.SysTick_Handler)
                  000164e0    00000044     Sound.o (.text.SysTick_IntArm)
                  00016524    00000040     SPI.o (.text.SPI_Reset)
                  00016564    00000040     TExaS.o (.text.TIMG7_IRQHandler)
                  000165a4    00000040     libclang_rt.builtins.a : aeabi_uidivmod.S.obj (.text.__aeabi_uidivmod)
                  000165e4    00000040     libc.a : fopen.c.obj (.text._search_fp)
                  00016624    0000003c            : autoinit.c.obj (.text:__TI_auto_init_nobinit_nopinit)
                  00016660    00000038     LaunchPad.o (.text.ActivatePortA_B)
                  00016698    00000038     SPI.o (.text.SPI_OutData)
                  000166d0    00000038     libc.a : getdevice.c.obj (.text.finddevice)
                  00016708    00000034     Clock.o (.text.Clock_Delay1ms)
                  0001673c    00000034     ST7735.o (.text.ST7735_SetCursor)
                  00016770    00000034     ST7735.o (.text.ST7735_write)
                  000167a4    00000034     Sound.o (.text.Sound_Start)
                  000167d8    00000034     libc.a : fopen.c.obj (.text.__TI_cleanup)
                  0001680c    00000034     libsysbm.a : trgmsg.c.obj (.text.__TI_readmsg)
                  00016840    00000034                : trgmsg.c.obj (.text.__TI_writemsg)
                  00016874    00000034     libc.a : exit.c.obj (.text.exit)
                  000168a8    00000034            : fopen.c.obj (.text.freopen)
                  000168dc    00000030     ST7735.o (.text.commonInit)
                  0001690c    00000030     libc.a : fopen.c.obj (.text.fopen)
                  0001693c    0000002c     ST7735.o (.text.ST7735_FillScreen)
                  00016968    0000002c     libsysbm.a : unlink.c.obj (.text.unlink)
                  00016994    00000028     TExaS.o (.text.ADC_Start)
                  000169bc    00000028     Switch.o (.text.Switch_Init)
                  000169e4    00000028     libc.a : memory.c.obj (.text.free_list_insert)
                  00016a0c    00000028     libsysbm.a : write.c.obj (.text.write)
                  00016a34    00000028     libc.a : boot_cortex_m.c.obj (.text:_c_int00_noargs)
                  00016a5c    00000026     ST7735.o (.text.ST7735_OutString)
                  00016a82    00000002     libc.a : _lock.c.obj (.text._nop)
                  00016a84    00000020     DAC5.o (.text.DAC5_Out)
                  00016aa4    00000020     Lab9Main.o (.text.Random32)
                  00016ac4    00000020     Sound.o (.text.Sound_Init)
                  00016ae4    00000020     Switch.o (.text.Switch_In)
                  00016b04    0000001e     ST7735.o (.text.pushColor)
                  00016b22    00000002     --HOLE-- [fill = 0]
                  00016b24    0000001c     libc.a : memory.c.obj (.text.free_list_remove)
                  00016b40    00000016     ST7735.o (.text.ST7735_open)
                  00016b56    00000016     ST7735.o (.text.ST7735_read)
                  00016b6c    00000016     libc.a : copy_zero_init.c.obj (.text:decompress:ZI:__TI_zero_init_nomemset)
                  00016b82    00000002     --HOLE-- [fill = 0]
                  00016b84    00000014     Sound.o (.text.Sound_CHOKE)
                  00016b98    00000014     Sound.o (.text.Sound_GULP)
                  00016bac    00000014     Sound.o (.text.Sound_NOM)
                  00016bc0    00000012     libsysbm.a : hostrename.c.obj (.text.strcpy)
                  00016bd2    00000012     libc.a : memcpy16.S.obj (.text:TI_memcpy_small)
                  00016be4    00000012            : copy_decompress_none.c.obj (.text:decompress:none)
                  00016bf6    00000010     Clock.o (.text.Clock_Delay)
                  00016c06    00000002     --HOLE-- [fill = 0]
                  00016c08    00000010     Lab9Main.o (.text.TExaS_LaunchPadLogicPB27PB26)
                  00016c18    0000000e     libc.a : memory.c.obj (.text.OUTLINED_FUNCTION_0)
                  00016c26    0000000e     ST7735.o (.text.ST7735_lseek)
                  00016c34    0000000e     libsysbm.a : hostrename.c.obj (.text.strlen)
                  00016c42    0000000e     libc.a : memset16.S.obj (.text:TI_memset_small)
                  00016c50    0000000c     Clock.o (.text.Clock_Freq)
                  00016c5c    0000000c     ST7735.o (.text.ST7735_rename)
                  00016c68    0000000c     libclang_rt.builtins.a : aeabi_memset.S.obj (.text.__aeabi_memclr)
                  00016c74    0000000c     libc.a : memory.c.obj (.text.malloc)
                  00016c80    0000000a     Lab9Main.o (.text.PLL_Init)
                  00016c8a    0000000a     ST7735.o (.text.ST7735_close)
                  00016c94    0000000a     ST7735.o (.text.ST7735_unlink)
                  00016c9e    00000002     --HOLE-- [fill = 0]
                  00016ca0    00000008     libclang_rt.builtins.a : aeabi_memcpy.S.obj (.text.__aeabi_memcpy)
                  00016ca8    00000008     libsysbm.a : remove.c.obj (.text.remove)
                  00016cb0    00000004     startup_mspm0g3507_ticlang.o (.text.Default_Handler)
                  00016cb4    00000004     startup_mspm0g3507_ticlang.o (.text.HardFault_Handler)
                  00016cb8    00000004     startup_mspm0g3507_ticlang.o (.text.Reset_Handler)
                  00016cbc    00000004     libc.a : pre_init.c.obj (.text._system_pre_init)
                  00016cc0    00000004            : exit.c.obj (.text:abort)
                  00016cc4    00000004     --HOLE-- [fill = 0]

.cinit     0    00016cc8    000000f0     
                  00016cc8    000000c5     (.cinit..data.load) [load image, compression = lzss]
                  00016d8d    00000003     --HOLE-- [fill = 0]
                  00016d90    0000000c     (__TI_handler_table)
                  00016d9c    00000008     (.cinit..bss.load) [load image, compression = zero_init]
                  00016da4    00000010     (__TI_cinit_table)
                  00016db4    00000004     --HOLE-- [fill = 0]

.rodata    0    000000c0    000137e0     
                  000000c0    0000a000     Lab9Main.o (.rodata.TITTLESCREEN)
                  0000a0c0    00001ef3     Sound.o (.rodata.CHOKE)
                  0000bfb3    00001c6f     Sound.o (.rodata.NOM)
                  0000dc22    00001b00     Sound.o (.rodata.GULP)
                  0000f722    00000b58     Lab9Main.o (.rodata.DEADMAN)
                  0001027a    00000b58     Lab9Main.o (.rodata.IMFULL)
                  00010dd2    00000b58     Lab9Main.o (.rodata.blankcharacter)
                  0001192a    00000b58     Lab9Main.o (.rodata.maincharacteralive)
                  00012482    000004fb     ST7735.o (.rodata.Font)
                  0001297d    00000001     --HOLE-- [fill = 0]
                  0001297e    00000200     Lab9Main.o (.rodata.burger)
                  00012b7e    00000200     Lab9Main.o (.rodata.cakeslice)
                  00012d7e    00000200     Lab9Main.o (.rodata.pizza)
                  00012f7e    00000200     Lab9Main.o (.rodata.rottenburger)
                  0001317e    00000200     Lab9Main.o (.rodata.rottencake)
                  0001337e    00000200     Lab9Main.o (.rodata.rottenpizza)
                  0001357e    0000003b     ST7735.o (.rodata.Rcmd1)
                  000135b9    0000002b     ST7735.o (.rodata.Rcmd3)
                  000135e4    00000016     ST7735.o (.rodata.str1.113694341682079256901)
                  000135fa    00000014     Lab9Main.o (.rodata.str1.100673617047862532481)
                  0001360e    00000014     Lab9Main.o (.rodata.str1.121016303565198695451)
                  00013622    00000014     Lab9Main.o (.rodata.str1.140936939954907027641)
                  00013636    00000014     Lab9Main.o (.rodata.str1.26490731738026618891)
                  0001364a    00000014     Lab9Main.o (.rodata.str1.37815664167421151901)
                  0001365e    00000014     Lab9Main.o (.rodata.str1.53125912233504566731)
                  00013672    00000014     Lab9Main.o (.rodata.str1.55038541108142910761)
                  00013686    00000014     Lab9Main.o (.rodata.str1.76186600238955854781)
                  0001369a    00000013     Lab9Main.o (.rodata.str1.115528394410116847561)
                  000136ad    00000013     Lab9Main.o (.rodata.str1.169622003260282843721)
                  000136c0    00000013     Lab9Main.o (.rodata.str1.34244414569600010931)
                  000136d3    00000012     Lab9Main.o (.rodata.str1.153660011996416863931)
                  000136e5    00000012     Lab9Main.o (.rodata.str1.61225035454356512161)
                  000136f7    00000012     Lab9Main.o (.rodata.str1.68612456344931424701)
                  00013709    00000012     Lab9Main.o (.rodata.str1.70005645328161215661)
                  0001371b    00000012     Lab9Main.o (.rodata.str1.90599160581273653951)
                  0001372d    00000011     Lab9Main.o (.rodata.str1.17282604745850076331)
                  0001373e    00000011     Lab9Main.o (.rodata.str1.24108192050012880921)
                  0001374f    00000011     Lab9Main.o (.rodata.str1.33597483660741141901)
                  00013760    00000010     Lab9Main.o (.rodata.str1.1182878819614831321)
                  00013770    0000000f     Lab9Main.o (.rodata.str1.104063509789725155691)
                  0001377f    0000000f     Lab9Main.o (.rodata.str1.153717620834997161181)
                  0001378e    0000000e     Lab9Main.o (.rodata.str1.166608143588835004401)
                  0001379c    0000000d     ST7735.o (.rodata.Rcmd2green)
                  000137a9    0000000d     ST7735.o (.rodata.Rcmd2red)
                  000137b6    0000000d     Lab9Main.o (.rodata.str1.46479063970419507271)
                  000137c3    0000000d     Lab9Main.o (.rodata.str1.99336514066990238341)
                  000137d0    0000000c     Lab9Main.o (.rodata.str1.164248177534203063261)
                  000137dc    0000000c     Lab9Main.o (.rodata.str1.183111378151248178101)
                  000137e8    0000000c     Lab9Main.o (.rodata.str1.44008598400903895681)
                  000137f4    0000000b     Lab9Main.o (.rodata.str1.158249522309449593201)
                  000137ff    0000000b     Lab9Main.o (.rodata.str1.169305526721835564651)
                  0001380a    0000000b     Lab9Main.o (.rodata.str1.170478752874860486331)
                  00013815    0000000b     Lab9Main.o (.rodata.str1.172100211005125372251)
                  00013820    0000000b     Lab9Main.o (.rodata.str1.55380816358566370601)
                  0001382b    0000000a     Lab9Main.o (.rodata.str1.170281761126113697281)
                  00013835    0000000a     Lab9Main.o (.rodata.str1.70710911338608019521)
                  0001383f    00000009     Lab9Main.o (.rodata.str1.130215324953753528721)
                  00013848    00000009     Lab9Main.o (.rodata.str1.42016441699301943251)
                  00013851    00000009     Lab9Main.o (.rodata.str1.43599627028005684461)
                  0001385a    00000009     Lab9Main.o (.rodata.str1.82963722841646139391)
                  00013863    00000008     ST7735.o (.rodata.str1.2296632503778608851)
                  0001386b    00000008     Lab9Main.o (.rodata.str1.78342403917858814831)
                  00013873    00000008     Lab9Main.o (.rodata.str1.86312618726865678821)
                  0001387b    00000008     Lab9Main.o (.rodata.str1.87682658477132164851)
                  00013883    00000007     Lab9Main.o (.rodata.str1.167649392202723330891)
                  0001388a    00000007     ST7735.o (.rodata.str1.24533431875203240451)
                  00013891    00000007     ST7735.o (.rodata.str1.28457712514663221121)
                  00013898    00000002     ST7735.o (.rodata.str1.55479495090289719041)
                  0001389a    00000006     --HOLE-- [fill = 0]

.init_array 
*          0    00000000    00000000     UNINITIALIZED

.binit     0    00000000    00000000     

.data      0    20200000    0000033d     UNINITIALIZED
                  20200000    000000f0     libc.a : defs.c.obj (.data._ftable)
                  202000f0    000000a8     Lab9Main.o (.data.FOODS)
                  20200198    00000078     libsysbm.a : host_device.c.obj (.data._device)
                  20200210    00000054     Lab9Main.o (.data.Person)
                  20200264    00000050     libsysbm.a : host_device.c.obj (.data._stream)
                  202002b4    00000008     libc.a : exit.c.obj (.data..L_MergedGlobals)
                  202002bc    00000006     Lab9Main.o (.data.FOODFLAGS)
                  202002c2    00000002     ST7735.o (.data.StTextColor)
                  202002c4    00000004     Clock.o (.data.BusFreq)
                  202002c8    00000004     Lab9Main.o (.data.ChokingCharFlag)
                  202002cc    00000004     Lab9Main.o (.data.DEATHFLAG)
                  202002d0    00000004     Lab9Main.o (.data.DeleteFoodSprite)
                  202002d4    00000004     Lab9Main.o (.data.GULPFLAG)
                  202002d8    00000004     Lab9Main.o (.data.M)
                  202002dc    00000004     Lab9Main.o (.data.NeedToDrawChar)
                  202002e0    00000004     Lab9Main.o (.data.NeedToDrawFood)
                  202002e4    00000004     Lab9Main.o (.data.PAUSEFLAG)
                  202002e8    00000004     Lab9Main.o (.data.PREVPAUSEFLAG)
                  202002ec    00000004     Lab9Main.o (.data.RESTARTFLAG)
                  202002f0    00000004     Lab9Main.o (.data.SpriteToDelete)
                  202002f4    00000004     ST7735.o (.data.StX)
                  202002f8    00000004     ST7735.o (.data.StY)
                  202002fc    00000004     Lab9Main.o (.data.TOUCHED0FLAG)
                  20200300    00000004     Lab9Main.o (.data.TOUCHED1FLAG)
                  20200304    00000004     Lab9Main.o (.data.TOUCHED2FLAG)
                  20200308    00000004     Lab9Main.o (.data.TOUCHED3FLAG)
                  2020030c    00000004     Lab9Main.o (.data.TOUCHED4FLAG)
                  20200310    00000004     Lab9Main.o (.data.TOUCHED5FLAG)
                  20200314    00000004     libc.a : defs.c.obj (.data.__TI_ft_end)
                  20200318    00000004            : _lock.c.obj (.data._lock)
                  2020031c    00000004            : _lock.c.obj (.data._unlock)
                  20200320    00000004     Lab9Main.o (.data.collisioncounter)
                  20200324    00000004     Lab9Main.o (.data.foodindex)
                  20200328    00000004     Lab9Main.o (.data.gamescore)
                  2020032c    00000004     Lab9Main.o (.data.language)
                  20200330    00000002     ST7735.o (.data._height)
                  20200332    00000002     ST7735.o (.data._width)
                  20200334    00000001     libsysbm.a : add_device.c.obj (.data.add_device.device_init)
                  20200335    00000003     --HOLE--
                  20200338    00000001     libc.a : memory.c.obj (.data.memory_is_initialized)
                  20200339    00000003     --HOLE--
                  2020033c    00000001     libsysbm.a : open.c.obj (.data.open.stream_init)

.sysmem    0    20200340    00000200     UNINITIALIZED
                  20200340    00000010     libc.a : memory.c.obj (.sysmem)
                  20200350    000001f0     --HOLE--

.bss       0    20200540    000001ef     UNINITIALIZED
                  20200540    00000120     libsysbm.a : trgmsg.c.obj (.bss:_CIOBUF_)
                  20200660    000000a0     libc.a : defs.c.obj (.bss.__TI_tmpnams)
                  20200700    0000000c     (.common:Message)
                  2020070c    00000008     libsysbm.a : hostopen.c.obj (.bss.parmbuf)
                  20200714    00000004     libc.a : memory.c.obj (.bss.sys_free)
                  20200718    00000004     (.common:MAX)
                  2020071c    00000004     (.common:Messageindex)
                  20200720    00000004     (.common:POINTER)
                  20200724    00000004     (.common:TExaSLogic)
                  20200728    00000004     (.common:TExaSadc)
                  2020072c    00000001     ST7735.o (.bss.ColStart)
                  2020072d    00000001     ST7735.o (.bss.RowStart)
                  2020072e    00000001     ST7735.o (.bss.TabColor)

.stack     0    20207e00    00000200     UNINITIALIZED
                  20207e00    00000004     libc.a : boot_cortex_m.c.obj (.stack)
                  20207e04    000001fc     --HOLE--

__llvm_prf_cnts 
*          0    20200000    00000000     UNINITIALIZED

__llvm_prf_bits 
*          0    20200000    00000000     UNINITIALIZED

MODULE SUMMARY

       Module                         code    ro data   rw data
       ------                         ----    -------   -------
    .\
       Lab9Main.o                     3970    56270     342    
       Sound.o                        280     22114     8      
       ST7735.o                       2852    1449      33     
       TExaS.o                        720     0         8      
       Clock.o                        516     0         4      
       SPI.o                          440     0         0      
       Timer.o                        316     0         0      
       ADC1.o                         188     0         0      
       LaunchPad.o                    180     0         0      
       DAC5.o                         124     0         0      
       Switch.o                       72      0         0      
       LED.o                          2       0         0      
    +--+------------------------------+-------+---------+---------+
       Total:                         9660    79833     395    
                                                               
    .\ticlang\
       startup_mspm0g3507_ticlang.o   12      192       0      
    +--+------------------------------+-------+---------+---------+
       Total:                         12      192       0      
                                                               
    C:\ti\ccs1260\ccs\tools\compiler\ti-cgt-armllvm_3.2.1.LTS\lib\armv6m-ti-none-eabi/c/libc.a
       memory.c.obj                   730     0         5      
       fopen.c.obj                    568     0         0      
       defs.c.obj                     0       0         404    
       setvbuf.c.obj                  220     0         0      
       getdevice.c.obj                160     0         0      
       fclose.c.obj                   124     0         0      
       copy_decompress_lzss.c.obj     120     0         0      
       fflush.c.obj                   82      0         0      
       exit.c.obj                     56      0         8      
       autoinit.c.obj                 60      0         0      
       boot_cortex_m.c.obj            40      0         0      
       copy_zero_init.c.obj           22      0         0      
       copy_decompress_none.c.obj     18      0         0      
       memcpy16.S.obj                 18      0         0      
       memset16.S.obj                 14      0         0      
       _lock.c.obj                    2       0         8      
       pre_init.c.obj                 4       0         0      
    +--+------------------------------+-------+---------+---------+
       Total:                         2238    0         425    
                                                               
    C:\ti\ccs1260\ccs\tools\compiler\ti-cgt-armllvm_3.2.1.LTS\lib\armv6m-ti-none-eabi/c/libsysbm.a
       trgmsg.c.obj                   104     0         288    
       add_device.c.obj               236     0         1      
       host_device.c.obj              0       0         200    
       open.c.obj                     168     0         1      
       hostrename.c.obj               140     0         0      
       hostlseek.c.obj                108     0         0      
       hostopen.c.obj                 96      0         8      
       hostread.c.obj                 88      0         0      
       hostwrite.c.obj                88      0         0      
       close.c.obj                    80      0         0      
       hostclose.c.obj                72      0         0      
       hostunlink.c.obj               72      0         0      
       unlink.c.obj                   44      0         0      
       write.c.obj                    40      0         0      
       remove.c.obj                   8       0         0      
    +--+------------------------------+-------+---------+---------+
       Total:                         1344    0         498    
                                                               
    C:\ti\ccs1260\ccs\tools\compiler\ti-cgt-armllvm_3.2.1.LTS\lib\clang/15.0.7/lib/armv6m-ti-none-eabi/libclang_rt.builtins.a
       aeabi_uidivmod.S.obj           64      0         0      
       aeabi_memset.S.obj             12      0         0      
       aeabi_memcpy.S.obj             8       0         0      
       aeabi_div0.c.obj               2       0         0      
    +--+------------------------------+-------+---------+---------+
       Total:                         86      0         0      
                                                               
       Heap:                          0       0         512    
       Stack:                         0       0         512    
       Linker Generated:              0       233       0      
    +--+------------------------------+-------+---------+---------+
       Grand Total:                   13340   80258     2342   


LINKER GENERATED COPY TABLES

__TI_cinit_table @ 00016da4 records: 2, size/record: 8, table size: 16
	.data: load addr=00016cc8, load size=000000c5 bytes, run addr=20200000, run size=0000033d bytes, compression=lzss
	.bss: load addr=00016d9c, load size=00000008 bytes, run addr=20200540, run size=000001ef bytes, compression=zero_init


LINKER GENERATED HANDLER TABLE

__TI_handler_table @ 00016d90 records: 3, size/record: 4, table size: 12
	index: 0, handler: __TI_decompress_lzss
	index: 1, handler: __TI_decompress_none
	index: 2, handler: __TI_zero_init


GLOBAL SYMBOLS: SORTED ALPHABETICALLY BY Name 

address   name                          
-------   ----                          
00016cb1  ADC0_IRQHandler               
00016cb1  ADC1_IRQHandler               
00014dcd  ADC_Init                      
00016995  ADC_Start                     
00016459  ADCin                         
00015dc1  ADCinit                       
00016cb1  AES_IRQHandler                
00016661  ActivatePortA_B               
202002c4  BusFreq                       
00016cc0  C$$EXIT                       
0001686d  C$$IO$$                       
00016cb1  CANFD0_IRQHandler             
0000a0c0  CHOKE                         
00016bf7  Clock_Delay                   
00016709  Clock_Delay1ms                
00016c51  Clock_Freq                    
000144f9  Clock_Init80MHz               
00016cb1  DAC0_IRQHandler               
00016125  DAC5_Init                     
00016a85  DAC5_Out                      
0000f722  DEADMAN                       
202002cc  DEATHFLAG                     
00016cb1  DMA_IRQHandler                
00016cb1  Default_Handler               
202002bc  FOODFLAGS                     
202000f0  FOODS                         
00016cb1  GROUP0_IRQHandler             
00016cb1  GROUP1_IRQHandler             
0000dc22  GULP                          
00016381  HOSTclose                     
00015f21  HOSTlseek                     
000160c5  HOSTopen                      
00016181  HOSTread                      
00015f8d  HOSTrename                    
000163c9  HOSTunlink                    
000161d9  HOSTwrite                     
00016cb5  HardFault_Handler             
00016cb1  I2C0_IRQHandler               
00016cb1  I2C1_IRQHandler               
0001027a  IMFULL                        
0001596f  LED_Init                      
00015cc9  LaunchPad_Init                
202002d8  M                             
20200718  MAX                           
20200700  Message                       
2020071c  Messageindex                  
000149cd  MoveFood                      
00016cb1  NMI_Handler                   
0000bfb3  NOM                           
202002e4  PAUSEFLAG                     
00016c81  PLL_Init                      
20200720  POINTER                       
202002e8  PREVPAUSEFLAG                 
00016cb1  PendSV_Handler                
20200210  Person                        
202002ec  RESTARTFLAG                   
00016cb1  RTC_IRQHandler                
00016aa5  Random32                      
00016cb9  Reset_Handler                 
00016cb1  SPI0_IRQHandler               
00016cb1  SPI1_IRQHandler               
00015219  SPI_Init                      
00016411  SPI_OutCommand                
00016699  SPI_OutData                   
00016525  SPI_Reset                     
00014129  ST7735_DrawBitmap             
000146ad  ST7735_DrawCharS              
00015eb1  ST7735_DrawPixel              
00015bc1  ST7735_DrawString             
00014ef5  ST7735_FillRect               
0001693d  ST7735_FillScreen             
00015971  ST7735_InitPrintf             
00015a0d  ST7735_InitR                  
000156ad  ST7735_OutChar                
00016a5d  ST7735_OutString              
00015c45  ST7735_OutUDec                
0001673d  ST7735_SetCursor              
00016c8b  ST7735_close                  
00016c27  ST7735_lseek                  
00016b41  ST7735_open                   
00016b57  ST7735_read                   
00016c5d  ST7735_rename                 
00016c95  ST7735_unlink                 
00016771  ST7735_write                  
00016cb1  SVC_Handler                   
00016b85  Sound_CHOKE                   
00016b99  Sound_GULP                    
00016ac5  Sound_Init                    
00016bad  Sound_NOM                     
000167a5  Sound_Start                   
202002c2  StTextColor                   
202002f4  StX                           
202002f8  StY                           
00016ae5  Switch_In                     
000169bd  Switch_Init                   
0001649d  SysTick_Handler               
000164e1  SysTick_IntArm                
20200724  TExaSLogic                    
00016231  TExaS_Init                    
00016c09  TExaS_LaunchPadLogicPB27PB26  
20200728  TExaSadc                      
00016cb1  TIMA0_IRQHandler              
00016cb1  TIMA1_IRQHandler              
00016cb1  TIMG0_IRQHandler              
0001484d  TIMG12_IRQHandler             
00016cb1  TIMG6_IRQHandler              
00016565  TIMG7_IRQHandler              
00016cb1  TIMG8_IRQHandler              
000000c0  TITTLESCREEN                  
00016bd3  TI_memcpy_small               
00016c43  TI_memset_small               
00015aa5  TimerG12_IntArm               
0001577d  TimerG7_IntArm                
00016cb1  UART0_IRQHandler              
00016cb1  UART1_IRQHandler              
00016cb1  UART2_IRQHandler              
00016cb1  UART3_IRQHandler              
000154e9  UART_Init                     
20200540  _CIOBUF_                      
20200540  __CIOBUF_                     
20208000  __STACK_END                   
00000200  __STACK_SIZE                  
00000200  __SYSMEM_SIZE                 
00000000  __TI_ATRegion0_region_sz      
00000000  __TI_ATRegion0_src_addr       
00000000  __TI_ATRegion0_trg_addr       
00000000  __TI_ATRegion1_region_sz      
00000000  __TI_ATRegion1_src_addr       
00000000  __TI_ATRegion1_trg_addr       
00000000  __TI_ATRegion2_region_sz      
00000000  __TI_ATRegion2_src_addr       
00000000  __TI_ATRegion2_trg_addr       
00016da4  __TI_CINIT_Base               
00016db4  __TI_CINIT_Limit              
00016db4  __TI_CINIT_Warm               
00016d90  __TI_Handler_Table_Base       
00016d9c  __TI_Handler_Table_Limit      
00016625  __TI_auto_init_nobinit_nopinit
000167d9  __TI_cleanup                  
202002b4  __TI_cleanup_ptr              
00015d45  __TI_closefile                
00015e39  __TI_decompress_lzss          
00016be5  __TI_decompress_none          
000162dd  __TI_doflush                  
202002b8  __TI_dtors_ptr                
20200314  __TI_ft_end                   
ffffffff  __TI_pprof_out_hndl           
ffffffff  __TI_prof_data_size           
ffffffff  __TI_prof_data_start          
0001680d  __TI_readmsg                  
00000000  __TI_static_base__            
20200660  __TI_tmpnams                  
00016841  __TI_writemsg                 
00016b6d  __TI_zero_init_nomemset       
0001632f  __aeabi_idiv0                 
00016c69  __aeabi_memclr                
00016c69  __aeabi_memclr4               
00016c69  __aeabi_memclr8               
00016ca1  __aeabi_memcpy                
00016ca1  __aeabi_memcpy4               
00016ca1  __aeabi_memcpy8               
000165a5  __aeabi_uidiv                 
000165a5  __aeabi_uidivmod              
ffffffff  __binit__                     
UNDEFED   __mpu_init                    
20207e00  __stack                       
20200000  __start___llvm_prf_bits       
20200000  __start___llvm_prf_cnts       
20200000  __stop___llvm_prf_bits        
20200000  __stop___llvm_prf_cnts        
00016a35  _c_int00_noargs               
20200198  _device                       
20200000  _ftable                       
20200318  _lock                         
00016a83  _nop                          
20200264  _stream                       
20200340  _sys_memory                   
UNDEFED   _system_post_cinit            
00016cbd  _system_pre_init              
2020031c  _unlock                       
00016cc1  abort                         
00015311  add_device                    
00014ca1  aligned_alloc                 
ffffffff  binit                         
00010dd2  blankcharacter                
0001297e  burger                        
00012b7e  cakeslice                     
00016331  close                         
00014339  die                           
0001511d  englishinstructions           
00016875  exit                          
00016289  fillmessage                   
000166d1  finddevice                    
20200324  foodindex                     
0001690d  fopen                         
000153fd  free                          
000168a9  freopen                       
20200328  gamescore                     
00015ff9  getdevice                     
00000000  interruptVectors              
2020032c  language                      
000138a1  main                          
0001192a  maincharacteralive            
00016c75  malloc                        
00014ca1  memalign                      
00015825  open                          
2020070c  parmbuf                       
00012d7e  pizza                         
00016ca9  remove                        
00012f7e  rottenburger                  
0001317e  rottencake                    
0001337e  rottenpizza                   
000155d1  setvbuf                       
0001500d  spanishinstructions           
00016969  unlink                        
00016a0d  write                         


GLOBAL SYMBOLS: SORTED BY Symbol Address 

address   name                          
-------   ----                          
00000000  __TI_ATRegion0_region_sz      
00000000  __TI_ATRegion0_src_addr       
00000000  __TI_ATRegion0_trg_addr       
00000000  __TI_ATRegion1_region_sz      
00000000  __TI_ATRegion1_src_addr       
00000000  __TI_ATRegion1_trg_addr       
00000000  __TI_ATRegion2_region_sz      
00000000  __TI_ATRegion2_src_addr       
00000000  __TI_ATRegion2_trg_addr       
00000000  __TI_static_base__            
00000000  interruptVectors              
000000c0  TITTLESCREEN                  
00000200  __STACK_SIZE                  
00000200  __SYSMEM_SIZE                 
0000a0c0  CHOKE                         
0000bfb3  NOM                           
0000dc22  GULP                          
0000f722  DEADMAN                       
0001027a  IMFULL                        
00010dd2  blankcharacter                
0001192a  maincharacteralive            
0001297e  burger                        
00012b7e  cakeslice                     
00012d7e  pizza                         
00012f7e  rottenburger                  
0001317e  rottencake                    
0001337e  rottenpizza                   
000138a1  main                          
00014129  ST7735_DrawBitmap             
00014339  die                           
000144f9  Clock_Init80MHz               
000146ad  ST7735_DrawCharS              
0001484d  TIMG12_IRQHandler             
000149cd  MoveFood                      
00014ca1  aligned_alloc                 
00014ca1  memalign                      
00014dcd  ADC_Init                      
00014ef5  ST7735_FillRect               
0001500d  spanishinstructions           
0001511d  englishinstructions           
00015219  SPI_Init                      
00015311  add_device                    
000153fd  free                          
000154e9  UART_Init                     
000155d1  setvbuf                       
000156ad  ST7735_OutChar                
0001577d  TimerG7_IntArm                
00015825  open                          
0001596f  LED_Init                      
00015971  ST7735_InitPrintf             
00015a0d  ST7735_InitR                  
00015aa5  TimerG12_IntArm               
00015bc1  ST7735_DrawString             
00015c45  ST7735_OutUDec                
00015cc9  LaunchPad_Init                
00015d45  __TI_closefile                
00015dc1  ADCinit                       
00015e39  __TI_decompress_lzss          
00015eb1  ST7735_DrawPixel              
00015f21  HOSTlseek                     
00015f8d  HOSTrename                    
00015ff9  getdevice                     
000160c5  HOSTopen                      
00016125  DAC5_Init                     
00016181  HOSTread                      
000161d9  HOSTwrite                     
00016231  TExaS_Init                    
00016289  fillmessage                   
000162dd  __TI_doflush                  
0001632f  __aeabi_idiv0                 
00016331  close                         
00016381  HOSTclose                     
000163c9  HOSTunlink                    
00016411  SPI_OutCommand                
00016459  ADCin                         
0001649d  SysTick_Handler               
000164e1  SysTick_IntArm                
00016525  SPI_Reset                     
00016565  TIMG7_IRQHandler              
000165a5  __aeabi_uidiv                 
000165a5  __aeabi_uidivmod              
00016625  __TI_auto_init_nobinit_nopinit
00016661  ActivatePortA_B               
00016699  SPI_OutData                   
000166d1  finddevice                    
00016709  Clock_Delay1ms                
0001673d  ST7735_SetCursor              
00016771  ST7735_write                  
000167a5  Sound_Start                   
000167d9  __TI_cleanup                  
0001680d  __TI_readmsg                  
00016841  __TI_writemsg                 
0001686d  C$$IO$$                       
00016875  exit                          
000168a9  freopen                       
0001690d  fopen                         
0001693d  ST7735_FillScreen             
00016969  unlink                        
00016995  ADC_Start                     
000169bd  Switch_Init                   
00016a0d  write                         
00016a35  _c_int00_noargs               
00016a5d  ST7735_OutString              
00016a83  _nop                          
00016a85  DAC5_Out                      
00016aa5  Random32                      
00016ac5  Sound_Init                    
00016ae5  Switch_In                     
00016b41  ST7735_open                   
00016b57  ST7735_read                   
00016b6d  __TI_zero_init_nomemset       
00016b85  Sound_CHOKE                   
00016b99  Sound_GULP                    
00016bad  Sound_NOM                     
00016bd3  TI_memcpy_small               
00016be5  __TI_decompress_none          
00016bf7  Clock_Delay                   
00016c09  TExaS_LaunchPadLogicPB27PB26  
00016c27  ST7735_lseek                  
00016c43  TI_memset_small               
00016c51  Clock_Freq                    
00016c5d  ST7735_rename                 
00016c69  __aeabi_memclr                
00016c69  __aeabi_memclr4               
00016c69  __aeabi_memclr8               
00016c75  malloc                        
00016c81  PLL_Init                      
00016c8b  ST7735_close                  
00016c95  ST7735_unlink                 
00016ca1  __aeabi_memcpy                
00016ca1  __aeabi_memcpy4               
00016ca1  __aeabi_memcpy8               
00016ca9  remove                        
00016cb1  ADC0_IRQHandler               
00016cb1  ADC1_IRQHandler               
00016cb1  AES_IRQHandler                
00016cb1  CANFD0_IRQHandler             
00016cb1  DAC0_IRQHandler               
00016cb1  DMA_IRQHandler                
00016cb1  Default_Handler               
00016cb1  GROUP0_IRQHandler             
00016cb1  GROUP1_IRQHandler             
00016cb1  I2C0_IRQHandler               
00016cb1  I2C1_IRQHandler               
00016cb1  NMI_Handler                   
00016cb1  PendSV_Handler                
00016cb1  RTC_IRQHandler                
00016cb1  SPI0_IRQHandler               
00016cb1  SPI1_IRQHandler               
00016cb1  SVC_Handler                   
00016cb1  TIMA0_IRQHandler              
00016cb1  TIMA1_IRQHandler              
00016cb1  TIMG0_IRQHandler              
00016cb1  TIMG6_IRQHandler              
00016cb1  TIMG8_IRQHandler              
00016cb1  UART0_IRQHandler              
00016cb1  UART1_IRQHandler              
00016cb1  UART2_IRQHandler              
00016cb1  UART3_IRQHandler              
00016cb5  HardFault_Handler             
00016cb9  Reset_Handler                 
00016cbd  _system_pre_init              
00016cc0  C$$EXIT                       
00016cc1  abort                         
00016d90  __TI_Handler_Table_Base       
00016d9c  __TI_Handler_Table_Limit      
00016da4  __TI_CINIT_Base               
00016db4  __TI_CINIT_Limit              
00016db4  __TI_CINIT_Warm               
20200000  __start___llvm_prf_bits       
20200000  __start___llvm_prf_cnts       
20200000  __stop___llvm_prf_bits        
20200000  __stop___llvm_prf_cnts        
20200000  _ftable                       
202000f0  FOODS                         
20200198  _device                       
20200210  Person                        
20200264  _stream                       
202002b4  __TI_cleanup_ptr              
202002b8  __TI_dtors_ptr                
202002bc  FOODFLAGS                     
202002c2  StTextColor                   
202002c4  BusFreq                       
202002cc  DEATHFLAG                     
202002d8  M                             
202002e4  PAUSEFLAG                     
202002e8  PREVPAUSEFLAG                 
202002ec  RESTARTFLAG                   
202002f4  StX                           
202002f8  StY                           
20200314  __TI_ft_end                   
20200318  _lock                         
2020031c  _unlock                       
20200324  foodindex                     
20200328  gamescore                     
2020032c  language                      
20200340  _sys_memory                   
20200540  _CIOBUF_                      
20200540  __CIOBUF_                     
20200660  __TI_tmpnams                  
20200700  Message                       
2020070c  parmbuf                       
20200718  MAX                           
2020071c  Messageindex                  
20200720  POINTER                       
20200724  TExaSLogic                    
20200728  TExaSadc                      
20207e00  __stack                       
20208000  __STACK_END                   
ffffffff  __TI_pprof_out_hndl           
ffffffff  __TI_prof_data_size           
ffffffff  __TI_prof_data_start          
ffffffff  __binit__                     
ffffffff  binit                         
UNDEFED   __mpu_init                    
UNDEFED   _system_post_cinit            

[216 symbols]
