<?xml version="1.0" encoding="ISO-8859-1" ?>
<link_info>
   <banner>TI ARM Clang Linker PC v3.2.1.LTS</banner>
   <copyright>Copyright (c) 1996-2018 Texas Instruments Incorporated</copyright>
   <link_time>0x66283654</link_time>
   <link_errors>0x0</link_errors>
   <output_file>C:\Users\fatim\OneDrive\Desktop\UT\Freshman Spring\MSPM0_ValvanoWare\ECE319K_Lab9\Debug\ECE319K_Lab9.out</output_file>
   <entry_point>
      <name>_c_int00_noargs</name>
      <address>0x16a35</address>
   </entry_point>
   <input_file_list>
      <input_file id="fl-1">
         <path>C:\Users\fatim\OneDrive\Desktop\UT\Freshman Spring\MSPM0_ValvanoWare\ECE319K_Lab9\Debug\.\</path>
         <kind>object</kind>
         <file>ADC1.o</file>
         <name>ADC1.o</name>
      </input_file>
      <input_file id="fl-2">
         <path>C:\Users\fatim\OneDrive\Desktop\UT\Freshman Spring\MSPM0_ValvanoWare\ECE319K_Lab9\Debug\.\</path>
         <kind>object</kind>
         <file>Clock.o</file>
         <name>Clock.o</name>
      </input_file>
      <input_file id="fl-3">
         <path>C:\Users\fatim\OneDrive\Desktop\UT\Freshman Spring\MSPM0_ValvanoWare\ECE319K_Lab9\Debug\.\</path>
         <kind>object</kind>
         <file>DAC5.o</file>
         <name>DAC5.o</name>
      </input_file>
      <input_file id="fl-4">
         <path>C:\Users\fatim\OneDrive\Desktop\UT\Freshman Spring\MSPM0_ValvanoWare\ECE319K_Lab9\Debug\.\</path>
         <kind>object</kind>
         <file>LED.o</file>
         <name>LED.o</name>
      </input_file>
      <input_file id="fl-5">
         <path>C:\Users\fatim\OneDrive\Desktop\UT\Freshman Spring\MSPM0_ValvanoWare\ECE319K_Lab9\Debug\.\</path>
         <kind>object</kind>
         <file>Lab9Main.o</file>
         <name>Lab9Main.o</name>
      </input_file>
      <input_file id="fl-6">
         <path>C:\Users\fatim\OneDrive\Desktop\UT\Freshman Spring\MSPM0_ValvanoWare\ECE319K_Lab9\Debug\.\</path>
         <kind>object</kind>
         <file>LaunchPad.o</file>
         <name>LaunchPad.o</name>
      </input_file>
      <input_file id="fl-7">
         <path>C:\Users\fatim\OneDrive\Desktop\UT\Freshman Spring\MSPM0_ValvanoWare\ECE319K_Lab9\Debug\.\</path>
         <kind>object</kind>
         <file>SPI.o</file>
         <name>SPI.o</name>
      </input_file>
      <input_file id="fl-8">
         <path>C:\Users\fatim\OneDrive\Desktop\UT\Freshman Spring\MSPM0_ValvanoWare\ECE319K_Lab9\Debug\.\</path>
         <kind>object</kind>
         <file>ST7735.o</file>
         <name>ST7735.o</name>
      </input_file>
      <input_file id="fl-9">
         <path>C:\Users\fatim\OneDrive\Desktop\UT\Freshman Spring\MSPM0_ValvanoWare\ECE319K_Lab9\Debug\.\</path>
         <kind>object</kind>
         <file>SmallFont.o</file>
         <name>SmallFont.o</name>
      </input_file>
      <input_file id="fl-a">
         <path>C:\Users\fatim\OneDrive\Desktop\UT\Freshman Spring\MSPM0_ValvanoWare\ECE319K_Lab9\Debug\.\</path>
         <kind>object</kind>
         <file>Sound.o</file>
         <name>Sound.o</name>
      </input_file>
      <input_file id="fl-b">
         <path>C:\Users\fatim\OneDrive\Desktop\UT\Freshman Spring\MSPM0_ValvanoWare\ECE319K_Lab9\Debug\.\</path>
         <kind>object</kind>
         <file>Switch.o</file>
         <name>Switch.o</name>
      </input_file>
      <input_file id="fl-c">
         <path>C:\Users\fatim\OneDrive\Desktop\UT\Freshman Spring\MSPM0_ValvanoWare\ECE319K_Lab9\Debug\.\</path>
         <kind>object</kind>
         <file>TExaS.o</file>
         <name>TExaS.o</name>
      </input_file>
      <input_file id="fl-d">
         <path>C:\Users\fatim\OneDrive\Desktop\UT\Freshman Spring\MSPM0_ValvanoWare\ECE319K_Lab9\Debug\.\</path>
         <kind>object</kind>
         <file>Timer.o</file>
         <name>Timer.o</name>
      </input_file>
      <input_file id="fl-e">
         <path>C:\Users\fatim\OneDrive\Desktop\UT\Freshman Spring\MSPM0_ValvanoWare\ECE319K_Lab9\Debug\.\images\pipedreams\</path>
         <kind>object</kind>
         <file>PipeSound.o</file>
         <name>PipeSound.o</name>
      </input_file>
      <input_file id="fl-f">
         <path>C:\Users\fatim\OneDrive\Desktop\UT\Freshman Spring\MSPM0_ValvanoWare\ECE319K_Lab9\Debug\.\ticlang\</path>
         <kind>object</kind>
         <file>startup_mspm0g3507_ticlang.o</file>
         <name>startup_mspm0g3507_ticlang.o</name>
      </input_file>
      <input_file id="fl-1b">
         <path>C:\Users\fatim\OneDrive\Desktop\UT\Freshman Spring\MSPM0_ValvanoWare\ECE319K_Lab9\Debug\</path>
         <kind>object</kind>
         <file>&lt;internal&gt;</file>
         <name>&lt;internal&gt;</name>
      </input_file>
      <input_file id="fl-2a">
         <path>C:\ti\ccs1260\ccs\tools\compiler\ti-cgt-armllvm_3.2.1.LTS\lib\armv6m-ti-none-eabi\c\</path>
         <kind>archive</kind>
         <file>libc.a</file>
         <name>fopen.c.obj</name>
      </input_file>
      <input_file id="fl-2b">
         <path>C:\ti\ccs1260\ccs\tools\compiler\ti-cgt-armllvm_3.2.1.LTS\lib\armv6m-ti-none-eabi\c\</path>
         <kind>archive</kind>
         <file>libc.a</file>
         <name>setvbuf.c.obj</name>
      </input_file>
      <input_file id="fl-2c">
         <path>C:\ti\ccs1260\ccs\tools\compiler\ti-cgt-armllvm_3.2.1.LTS\lib\armv6m-ti-none-eabi\c\</path>
         <kind>archive</kind>
         <file>libc.a</file>
         <name>aeabi_portable.c.obj</name>
      </input_file>
      <input_file id="fl-2d">
         <path>C:\ti\ccs1260\ccs\tools\compiler\ti-cgt-armllvm_3.2.1.LTS\lib\armv6m-ti-none-eabi\c\</path>
         <kind>archive</kind>
         <file>libc.a</file>
         <name>exit.c.obj</name>
      </input_file>
      <input_file id="fl-2e">
         <path>C:\ti\ccs1260\ccs\tools\compiler\ti-cgt-armllvm_3.2.1.LTS\lib\armv6m-ti-none-eabi\c\</path>
         <kind>archive</kind>
         <file>libc.a</file>
         <name>_lock.c.obj</name>
      </input_file>
      <input_file id="fl-2f">
         <path>C:\ti\ccs1260\ccs\tools\compiler\ti-cgt-armllvm_3.2.1.LTS\lib\armv6m-ti-none-eabi\c\</path>
         <kind>archive</kind>
         <file>libc.a</file>
         <name>assert.c.obj</name>
      </input_file>
      <input_file id="fl-30">
         <path>C:\ti\ccs1260\ccs\tools\compiler\ti-cgt-armllvm_3.2.1.LTS\lib\armv6m-ti-none-eabi\c\</path>
         <kind>archive</kind>
         <file>libc.a</file>
         <name>defs.c.obj</name>
      </input_file>
      <input_file id="fl-31">
         <path>C:\ti\ccs1260\ccs\tools\compiler\ti-cgt-armllvm_3.2.1.LTS\lib\armv6m-ti-none-eabi\c\</path>
         <kind>archive</kind>
         <file>libc.a</file>
         <name>memory.c.obj</name>
      </input_file>
      <input_file id="fl-32">
         <path>C:\ti\ccs1260\ccs\tools\compiler\ti-cgt-armllvm_3.2.1.LTS\lib\armv6m-ti-none-eabi\c\</path>
         <kind>archive</kind>
         <file>libc.a</file>
         <name>abs.c.obj</name>
      </input_file>
      <input_file id="fl-33">
         <path>C:\ti\ccs1260\ccs\tools\compiler\ti-cgt-armllvm_3.2.1.LTS\lib\armv6m-ti-none-eabi\c\</path>
         <kind>archive</kind>
         <file>libc.a</file>
         <name>copy_zero_init.c.obj</name>
      </input_file>
      <input_file id="fl-34">
         <path>C:\ti\ccs1260\ccs\tools\compiler\ti-cgt-armllvm_3.2.1.LTS\lib\armv6m-ti-none-eabi\c\</path>
         <kind>archive</kind>
         <file>libc.a</file>
         <name>copy_decompress_none.c.obj</name>
      </input_file>
      <input_file id="fl-35">
         <path>C:\ti\ccs1260\ccs\tools\compiler\ti-cgt-armllvm_3.2.1.LTS\lib\armv6m-ti-none-eabi\c\</path>
         <kind>archive</kind>
         <file>libc.a</file>
         <name>copy_decompress_lzss.c.obj</name>
      </input_file>
      <input_file id="fl-36">
         <path>C:\ti\ccs1260\ccs\tools\compiler\ti-cgt-armllvm_3.2.1.LTS\lib\armv6m-ti-none-eabi\c\</path>
         <kind>archive</kind>
         <file>libc.a</file>
         <name>boot_cortex_m.c.obj</name>
      </input_file>
      <input_file id="fl-37">
         <path>C:\ti\ccs1260\ccs\tools\compiler\ti-cgt-armllvm_3.2.1.LTS\lib\armv6m-ti-none-eabi\c\</path>
         <kind>archive</kind>
         <file>libc.a</file>
         <name>mathacl_init.c.obj</name>
      </input_file>
      <input_file id="fl-38">
         <path>C:\ti\ccs1260\ccs\tools\compiler\ti-cgt-armllvm_3.2.1.LTS\lib\armv6m-ti-none-eabi\c\</path>
         <kind>archive</kind>
         <file>libc.a</file>
         <name>sprintf.c.obj</name>
      </input_file>
      <input_file id="fl-39">
         <path>C:\ti\ccs1260\ccs\tools\compiler\ti-cgt-armllvm_3.2.1.LTS\lib\armv6m-ti-none-eabi\c\</path>
         <kind>archive</kind>
         <file>libc.a</file>
         <name>fclose.c.obj</name>
      </input_file>
      <input_file id="fl-3a">
         <path>C:\ti\ccs1260\ccs\tools\compiler\ti-cgt-armllvm_3.2.1.LTS\lib\armv6m-ti-none-eabi\c\</path>
         <kind>archive</kind>
         <file>libc.a</file>
         <name>fflush.c.obj</name>
      </input_file>
      <input_file id="fl-3b">
         <path>C:\ti\ccs1260\ccs\tools\compiler\ti-cgt-armllvm_3.2.1.LTS\lib\armv6m-ti-none-eabi\c\</path>
         <kind>archive</kind>
         <file>libc.a</file>
         <name>fputs.c.obj</name>
      </input_file>
      <input_file id="fl-3c">
         <path>C:\ti\ccs1260\ccs\tools\compiler\ti-cgt-armllvm_3.2.1.LTS\lib\armv6m-ti-none-eabi\c\</path>
         <kind>archive</kind>
         <file>libc.a</file>
         <name>_io_perm.c.obj</name>
      </input_file>
      <input_file id="fl-3d">
         <path>C:\ti\ccs1260\ccs\tools\compiler\ti-cgt-armllvm_3.2.1.LTS\lib\armv6m-ti-none-eabi\c\</path>
         <kind>archive</kind>
         <file>libc.a</file>
         <name>args_main.c.obj</name>
      </input_file>
      <input_file id="fl-3e">
         <path>C:\ti\ccs1260\ccs\tools\compiler\ti-cgt-armllvm_3.2.1.LTS\lib\armv6m-ti-none-eabi\c\</path>
         <kind>archive</kind>
         <file>libc.a</file>
         <name>autoinit.c.obj</name>
      </input_file>
      <input_file id="fl-3f">
         <path>C:\ti\ccs1260\ccs\tools\compiler\ti-cgt-armllvm_3.2.1.LTS\lib\armv6m-ti-none-eabi\c\</path>
         <kind>archive</kind>
         <file>libc.a</file>
         <name>pre_init.c.obj</name>
      </input_file>
      <input_file id="fl-40">
         <path>C:\ti\ccs1260\ccs\tools\compiler\ti-cgt-armllvm_3.2.1.LTS\lib\armv6m-ti-none-eabi\c\</path>
         <kind>archive</kind>
         <file>libc.a</file>
         <name>cpy_tbl.c.obj</name>
      </input_file>
      <input_file id="fl-41">
         <path>C:\ti\ccs1260\ccs\tools\compiler\ti-cgt-armllvm_3.2.1.LTS\lib\armv6m-ti-none-eabi\c\</path>
         <kind>archive</kind>
         <file>libc.a</file>
         <name>_printfi.c.obj</name>
      </input_file>
      <input_file id="fl-42">
         <path>C:\ti\ccs1260\ccs\tools\compiler\ti-cgt-armllvm_3.2.1.LTS\lib\armv6m-ti-none-eabi\c\</path>
         <kind>archive</kind>
         <file>libc.a</file>
         <name>fseek.c.obj</name>
      </input_file>
      <input_file id="fl-43">
         <path>C:\ti\ccs1260\ccs\tools\compiler\ti-cgt-armllvm_3.2.1.LTS\lib\armv6m-ti-none-eabi\c\</path>
         <kind>archive</kind>
         <file>libc.a</file>
         <name>s_frexp.c.obj</name>
      </input_file>
      <input_file id="fl-44">
         <path>C:\ti\ccs1260\ccs\tools\compiler\ti-cgt-armllvm_3.2.1.LTS\lib\armv6m-ti-none-eabi\c\</path>
         <kind>archive</kind>
         <file>libc.a</file>
         <name>s_scalbn.c.obj</name>
      </input_file>
      <input_file id="fl-45">
         <path>C:\ti\ccs1260\ccs\tools\compiler\ti-cgt-armllvm_3.2.1.LTS\lib\armv6m-ti-none-eabi\c\</path>
         <kind>archive</kind>
         <file>libc.a</file>
         <name>_ltoa.c.obj</name>
      </input_file>
      <input_file id="fl-46">
         <path>C:\ti\ccs1260\ccs\tools\compiler\ti-cgt-armllvm_3.2.1.LTS\lib\armv6m-ti-none-eabi\c\</path>
         <kind>archive</kind>
         <file>libc.a</file>
         <name>atoi.c.obj</name>
      </input_file>
      <input_file id="fl-47">
         <path>C:\ti\ccs1260\ccs\tools\compiler\ti-cgt-armllvm_3.2.1.LTS\lib\armv6m-ti-none-eabi\c\</path>
         <kind>archive</kind>
         <file>libc.a</file>
         <name>memccpy.c.obj</name>
      </input_file>
      <input_file id="fl-48">
         <path>C:\ti\ccs1260\ccs\tools\compiler\ti-cgt-armllvm_3.2.1.LTS\lib\armv6m-ti-none-eabi\c\</path>
         <kind>archive</kind>
         <file>libc.a</file>
         <name>wcslen.c.obj</name>
      </input_file>
      <input_file id="fl-49">
         <path>C:\ti\ccs1260\ccs\tools\compiler\ti-cgt-armllvm_3.2.1.LTS\lib\armv6m-ti-none-eabi\c\</path>
         <kind>archive</kind>
         <file>libc.a</file>
         <name>aeabi_ctype.S.obj</name>
      </input_file>
      <input_file id="fl-af">
         <path>C:\ti\ccs1260\ccs\tools\compiler\ti-cgt-armllvm_3.2.1.LTS\lib\armv6m-ti-none-eabi\c\</path>
         <kind>archive</kind>
         <file>libsysbm.a</file>
         <name>write.c.obj</name>
      </input_file>
      <input_file id="fl-b0">
         <path>C:\ti\ccs1260\ccs\tools\compiler\ti-cgt-armllvm_3.2.1.LTS\lib\armv6m-ti-none-eabi\c\</path>
         <kind>archive</kind>
         <file>libsysbm.a</file>
         <name>host_device.c.obj</name>
      </input_file>
      <input_file id="fl-b1">
         <path>C:\ti\ccs1260\ccs\tools\compiler\ti-cgt-armllvm_3.2.1.LTS\lib\armv6m-ti-none-eabi\c\</path>
         <kind>archive</kind>
         <file>libsysbm.a</file>
         <name>remove.c.obj</name>
      </input_file>
      <input_file id="fl-b2">
         <path>C:\ti\ccs1260\ccs\tools\compiler\ti-cgt-armllvm_3.2.1.LTS\lib\armv6m-ti-none-eabi\c\</path>
         <kind>archive</kind>
         <file>libsysbm.a</file>
         <name>open.c.obj</name>
      </input_file>
      <input_file id="fl-b3">
         <path>C:\ti\ccs1260\ccs\tools\compiler\ti-cgt-armllvm_3.2.1.LTS\lib\armv6m-ti-none-eabi\c\</path>
         <kind>archive</kind>
         <file>libsysbm.a</file>
         <name>lseek.c.obj</name>
      </input_file>
      <input_file id="fl-b4">
         <path>C:\ti\ccs1260\ccs\tools\compiler\ti-cgt-armllvm_3.2.1.LTS\lib\armv6m-ti-none-eabi\c\</path>
         <kind>archive</kind>
         <file>libsysbm.a</file>
         <name>close.c.obj</name>
      </input_file>
      <input_file id="fl-b5">
         <path>C:\ti\ccs1260\ccs\tools\compiler\ti-cgt-armllvm_3.2.1.LTS\lib\armv6m-ti-none-eabi\c\</path>
         <kind>archive</kind>
         <file>libsysbm.a</file>
         <name>add_device.c.obj</name>
      </input_file>
      <input_file id="fl-b6">
         <path>C:\ti\ccs1260\ccs\tools\compiler\ti-cgt-armllvm_3.2.1.LTS\lib\armv6m-ti-none-eabi\c\</path>
         <kind>archive</kind>
         <file>libsysbm.a</file>
         <name>unlink.c.obj</name>
      </input_file>
      <input_file id="fl-b7">
         <path>C:\ti\ccs1260\ccs\tools\compiler\ti-cgt-armllvm_3.2.1.LTS\lib\armv6m-ti-none-eabi\c\</path>
         <kind>archive</kind>
         <file>libsysbm.a</file>
         <name>hostclose.c.obj</name>
      </input_file>
      <input_file id="fl-b8">
         <path>C:\ti\ccs1260\ccs\tools\compiler\ti-cgt-armllvm_3.2.1.LTS\lib\armv6m-ti-none-eabi\c\</path>
         <kind>archive</kind>
         <file>libsysbm.a</file>
         <name>hostlseek.c.obj</name>
      </input_file>
      <input_file id="fl-b9">
         <path>C:\ti\ccs1260\ccs\tools\compiler\ti-cgt-armllvm_3.2.1.LTS\lib\armv6m-ti-none-eabi\c\</path>
         <kind>archive</kind>
         <file>libsysbm.a</file>
         <name>hostopen.c.obj</name>
      </input_file>
      <input_file id="fl-ba">
         <path>C:\ti\ccs1260\ccs\tools\compiler\ti-cgt-armllvm_3.2.1.LTS\lib\armv6m-ti-none-eabi\c\</path>
         <kind>archive</kind>
         <file>libsysbm.a</file>
         <name>hostread.c.obj</name>
      </input_file>
      <input_file id="fl-bb">
         <path>C:\ti\ccs1260\ccs\tools\compiler\ti-cgt-armllvm_3.2.1.LTS\lib\armv6m-ti-none-eabi\c\</path>
         <kind>archive</kind>
         <file>libsysbm.a</file>
         <name>hostrename.c.obj</name>
      </input_file>
      <input_file id="fl-bc">
         <path>C:\ti\ccs1260\ccs\tools\compiler\ti-cgt-armllvm_3.2.1.LTS\lib\armv6m-ti-none-eabi\c\</path>
         <kind>archive</kind>
         <file>libsysbm.a</file>
         <name>hostunlink.c.obj</name>
      </input_file>
      <input_file id="fl-bd">
         <path>C:\ti\ccs1260\ccs\tools\compiler\ti-cgt-armllvm_3.2.1.LTS\lib\armv6m-ti-none-eabi\c\</path>
         <kind>archive</kind>
         <file>libsysbm.a</file>
         <name>hostwrite.c.obj</name>
      </input_file>
      <input_file id="fl-be">
         <path>C:\ti\ccs1260\ccs\tools\compiler\ti-cgt-armllvm_3.2.1.LTS\lib\armv6m-ti-none-eabi\c\</path>
         <kind>archive</kind>
         <file>libsysbm.a</file>
         <name>trgmsg.c.obj</name>
      </input_file>
      <input_file id="fl-bf">
         <path>C:\ti\ccs1260\ccs\tools\compiler\ti-cgt-armllvm_3.2.1.LTS\lib\clang\15.0.7\lib\armv6m-ti-none-eabi\</path>
         <kind>archive</kind>
         <file>libclang_rt.builtins.a</file>
         <name>adddf3.S.obj</name>
      </input_file>
      <input_file id="fl-c0">
         <path>C:\ti\ccs1260\ccs\tools\compiler\ti-cgt-armllvm_3.2.1.LTS\lib\clang\15.0.7\lib\armv6m-ti-none-eabi\</path>
         <kind>archive</kind>
         <file>libclang_rt.builtins.a</file>
         <name>muldf3.S.obj</name>
      </input_file>
      <input_file id="fl-c1">
         <path>C:\ti\ccs1260\ccs\tools\compiler\ti-cgt-armllvm_3.2.1.LTS\lib\clang\15.0.7\lib\armv6m-ti-none-eabi\</path>
         <kind>archive</kind>
         <file>libclang_rt.builtins.a</file>
         <name>muldsi3.S.obj</name>
      </input_file>
      <input_file id="fl-c2">
         <path>C:\ti\ccs1260\ccs\tools\compiler\ti-cgt-armllvm_3.2.1.LTS\lib\clang\15.0.7\lib\armv6m-ti-none-eabi\</path>
         <kind>archive</kind>
         <file>libclang_rt.builtins.a</file>
         <name>divdf3.S.obj</name>
      </input_file>
      <input_file id="fl-c3">
         <path>C:\ti\ccs1260\ccs\tools\compiler\ti-cgt-armllvm_3.2.1.LTS\lib\clang\15.0.7\lib\armv6m-ti-none-eabi\</path>
         <kind>archive</kind>
         <file>libclang_rt.builtins.a</file>
         <name>fixdfsi.S.obj</name>
      </input_file>
      <input_file id="fl-c4">
         <path>C:\ti\ccs1260\ccs\tools\compiler\ti-cgt-armllvm_3.2.1.LTS\lib\clang\15.0.7\lib\armv6m-ti-none-eabi\</path>
         <kind>archive</kind>
         <file>libclang_rt.builtins.a</file>
         <name>floatsidf.S.obj</name>
      </input_file>
      <input_file id="fl-c5">
         <path>C:\ti\ccs1260\ccs\tools\compiler\ti-cgt-armllvm_3.2.1.LTS\lib\clang\15.0.7\lib\armv6m-ti-none-eabi\</path>
         <kind>archive</kind>
         <file>libclang_rt.builtins.a</file>
         <name>floatunsidf.S.obj</name>
      </input_file>
      <input_file id="fl-c6">
         <path>C:\ti\ccs1260\ccs\tools\compiler\ti-cgt-armllvm_3.2.1.LTS\lib\clang\15.0.7\lib\armv6m-ti-none-eabi\</path>
         <kind>archive</kind>
         <file>libclang_rt.builtins.a</file>
         <name>muldi3.S.obj</name>
      </input_file>
      <input_file id="fl-c7">
         <path>C:\ti\ccs1260\ccs\tools\compiler\ti-cgt-armllvm_3.2.1.LTS\lib\clang\15.0.7\lib\armv6m-ti-none-eabi\</path>
         <kind>archive</kind>
         <file>libclang_rt.builtins.a</file>
         <name>truncdfsf2.S.obj</name>
      </input_file>
      <input_file id="fl-c8">
         <path>C:\ti\ccs1260\ccs\tools\compiler\ti-cgt-armllvm_3.2.1.LTS\lib\clang\15.0.7\lib\armv6m-ti-none-eabi\</path>
         <kind>archive</kind>
         <file>libclang_rt.builtins.a</file>
         <name>aeabi_dcmp.S.obj</name>
      </input_file>
      <input_file id="fl-c9">
         <path>C:\ti\ccs1260\ccs\tools\compiler\ti-cgt-armllvm_3.2.1.LTS\lib\clang\15.0.7\lib\armv6m-ti-none-eabi\</path>
         <kind>archive</kind>
         <file>libclang_rt.builtins.a</file>
         <name>aeabi_idivmod.S.obj</name>
      </input_file>
      <input_file id="fl-ca">
         <path>C:\ti\ccs1260\ccs\tools\compiler\ti-cgt-armllvm_3.2.1.LTS\lib\clang\15.0.7\lib\armv6m-ti-none-eabi\</path>
         <kind>archive</kind>
         <file>libclang_rt.builtins.a</file>
         <name>aeabi_memcpy.S.obj</name>
      </input_file>
      <input_file id="fl-cb">
         <path>C:\ti\ccs1260\ccs\tools\compiler\ti-cgt-armllvm_3.2.1.LTS\lib\clang\15.0.7\lib\armv6m-ti-none-eabi\</path>
         <kind>archive</kind>
         <file>libclang_rt.builtins.a</file>
         <name>aeabi_memset.S.obj</name>
      </input_file>
      <input_file id="fl-cc">
         <path>C:\ti\ccs1260\ccs\tools\compiler\ti-cgt-armllvm_3.2.1.LTS\lib\clang\15.0.7\lib\armv6m-ti-none-eabi\</path>
         <kind>archive</kind>
         <file>libclang_rt.builtins.a</file>
         <name>aeabi_uidivmod.S.obj</name>
      </input_file>
      <input_file id="fl-cd">
         <path>C:\ti\ccs1260\ccs\tools\compiler\ti-cgt-armllvm_3.2.1.LTS\lib\clang\15.0.7\lib\armv6m-ti-none-eabi\</path>
         <kind>archive</kind>
         <file>libclang_rt.builtins.a</file>
         <name>aeabi_uldivmod.S.obj</name>
      </input_file>
      <input_file id="fl-ce">
         <path>C:\ti\ccs1260\ccs\tools\compiler\ti-cgt-armllvm_3.2.1.LTS\lib\clang\15.0.7\lib\armv6m-ti-none-eabi\</path>
         <kind>archive</kind>
         <file>libclang_rt.builtins.a</file>
         <name>udivmoddi4.S.obj</name>
      </input_file>
      <input_file id="fl-cf">
         <path>C:\ti\ccs1260\ccs\tools\compiler\ti-cgt-armllvm_3.2.1.LTS\lib\clang\15.0.7\lib\armv6m-ti-none-eabi\</path>
         <kind>archive</kind>
         <file>libclang_rt.builtins.a</file>
         <name>ashldi3.S.obj</name>
      </input_file>
      <input_file id="fl-d0">
         <path>C:\ti\ccs1260\ccs\tools\compiler\ti-cgt-armllvm_3.2.1.LTS\lib\clang\15.0.7\lib\armv6m-ti-none-eabi\</path>
         <kind>archive</kind>
         <file>libclang_rt.builtins.a</file>
         <name>comparedf2.c.obj</name>
      </input_file>
      <input_file id="fl-d1">
         <path>C:\ti\ccs1260\ccs\tools\compiler\ti-cgt-armllvm_3.2.1.LTS\lib\clang\15.0.7\lib\armv6m-ti-none-eabi\</path>
         <kind>archive</kind>
         <file>libclang_rt.builtins.a</file>
         <name>aeabi_div0.c.obj</name>
      </input_file>
      <input_file id="fl-d2">
         <path>C:\ti\ccs1260\ccs\tools\compiler\ti-cgt-armllvm_3.2.1.LTS\lib\armv6m-ti-none-eabi\c\</path>
         <kind>archive</kind>
         <file>libc.a</file>
         <name>getdevice.c.obj</name>
      </input_file>
      <input_file id="fl-d3">
         <path>C:\ti\ccs1260\ccs\tools\compiler\ti-cgt-armllvm_3.2.1.LTS\lib\armv6m-ti-none-eabi\c\</path>
         <kind>archive</kind>
         <file>libc.a</file>
         <name>memcpy16.S.obj</name>
      </input_file>
      <input_file id="fl-d4">
         <path>C:\ti\ccs1260\ccs\tools\compiler\ti-cgt-armllvm_3.2.1.LTS\lib\armv6m-ti-none-eabi\c\</path>
         <kind>archive</kind>
         <file>libc.a</file>
         <name>memset16.S.obj</name>
      </input_file>
   </input_file_list>
   <object_component_list>
      <object_component id="oc-18">
         <name>.intvecs</name>
         <load_address>0x0</load_address>
         <readonly>true</readonly>
         <run_address>0x0</run_address>
         <size>0xc0</size>
         <alignment>0x4</alignment>
         <input_file_ref idref="fl-f"/>
      </object_component>
      <object_component id="oc-a3">
         <name>.text.main</name>
         <load_address>0x138a0</load_address>
         <readonly>true</readonly>
         <executable>true</executable>
         <run_address>0x138a0</run_address>
         <size>0x888</size>
         <alignment>0x4</alignment>
         <input_file_ref idref="fl-5"/>
      </object_component>
      <object_component id="oc-e2">
         <name>.text.ST7735_DrawBitmap</name>
         <load_address>0x14128</load_address>
         <readonly>true</readonly>
         <executable>true</executable>
         <run_address>0x14128</run_address>
         <size>0x210</size>
         <alignment>0x4</alignment>
         <input_file_ref idref="fl-8"/>
      </object_component>
      <object_component id="oc-f3">
         <name>.text.die</name>
         <load_address>0x14338</load_address>
         <readonly>true</readonly>
         <executable>true</executable>
         <run_address>0x14338</run_address>
         <size>0x1c0</size>
         <alignment>0x4</alignment>
         <input_file_ref idref="fl-5"/>
      </object_component>
      <object_component id="oc-126">
         <name>.text.Clock_Init80MHz</name>
         <load_address>0x144f8</load_address>
         <readonly>true</readonly>
         <executable>true</executable>
         <run_address>0x144f8</run_address>
         <size>0x1b4</size>
         <alignment>0x4</alignment>
         <input_file_ref idref="fl-2"/>
      </object_component>
      <object_component id="oc-1d3">
         <name>.text.ST7735_DrawCharS</name>
         <load_address>0x146ac</load_address>
         <readonly>true</readonly>
         <executable>true</executable>
         <run_address>0x146ac</run_address>
         <size>0x1a0</size>
         <alignment>0x4</alignment>
         <input_file_ref idref="fl-8"/>
      </object_component>
      <object_component id="oc-41">
         <name>.text.TIMG12_IRQHandler</name>
         <load_address>0x1484c</load_address>
         <readonly>true</readonly>
         <executable>true</executable>
         <run_address>0x1484c</run_address>
         <size>0x180</size>
         <alignment>0x4</alignment>
         <input_file_ref idref="fl-5"/>
      </object_component>
      <object_component id="oc-88">
         <name>.text.MoveFood</name>
         <load_address>0x149cc</load_address>
         <readonly>true</readonly>
         <executable>true</executable>
         <run_address>0x149cc</run_address>
         <size>0x174</size>
         <alignment>0x4</alignment>
         <input_file_ref idref="fl-5"/>
      </object_component>
      <object_component id="oc-1b9">
         <name>.text._openfile</name>
         <load_address>0x14b40</load_address>
         <readonly>true</readonly>
         <executable>true</executable>
         <run_address>0x14b40</run_address>
         <size>0x160</size>
         <alignment>0x4</alignment>
         <input_file_ref idref="fl-2a"/>
      </object_component>
      <object_component id="oc-21c">
         <name>.text.aligned_alloc</name>
         <load_address>0x14ca0</load_address>
         <readonly>true</readonly>
         <executable>true</executable>
         <run_address>0x14ca0</run_address>
         <size>0x12c</size>
         <alignment>0x4</alignment>
         <input_file_ref idref="fl-31"/>
      </object_component>
      <object_component id="oc-174">
         <name>.text.ADC_Init</name>
         <load_address>0x14dcc</load_address>
         <readonly>true</readonly>
         <executable>true</executable>
         <run_address>0x14dcc</run_address>
         <size>0x128</size>
         <alignment>0x4</alignment>
         <input_file_ref idref="fl-c"/>
      </object_component>
      <object_component id="oc-14b">
         <name>.text.ST7735_FillRect</name>
         <load_address>0x14ef4</load_address>
         <readonly>true</readonly>
         <executable>true</executable>
         <run_address>0x14ef4</run_address>
         <size>0x118</size>
         <alignment>0x4</alignment>
         <input_file_ref idref="fl-8"/>
      </object_component>
      <object_component id="oc-e4">
         <name>.text.spanishinstructions</name>
         <load_address>0x1500c</load_address>
         <readonly>true</readonly>
         <executable>true</executable>
         <run_address>0x1500c</run_address>
         <size>0x110</size>
         <alignment>0x4</alignment>
         <input_file_ref idref="fl-5"/>
      </object_component>
      <object_component id="oc-e3">
         <name>.text.englishinstructions</name>
         <load_address>0x1511c</load_address>
         <readonly>true</readonly>
         <executable>true</executable>
         <run_address>0x1511c</run_address>
         <size>0xfc</size>
         <alignment>0x4</alignment>
         <input_file_ref idref="fl-5"/>
      </object_component>
      <object_component id="oc-1df">
         <name>.text.SPI_Init</name>
         <load_address>0x15218</load_address>
         <readonly>true</readonly>
         <executable>true</executable>
         <run_address>0x15218</run_address>
         <size>0xf8</size>
         <alignment>0x4</alignment>
         <input_file_ref idref="fl-7"/>
      </object_component>
      <object_component id="oc-12b">
         <name>.text.add_device</name>
         <load_address>0x15310</load_address>
         <readonly>true</readonly>
         <executable>true</executable>
         <run_address>0x15310</run_address>
         <size>0xec</size>
         <alignment>0x4</alignment>
         <input_file_ref idref="fl-b5"/>
      </object_component>
      <object_component id="oc-1c2">
         <name>.text.free</name>
         <load_address>0x153fc</load_address>
         <readonly>true</readonly>
         <executable>true</executable>
         <run_address>0x153fc</run_address>
         <size>0xec</size>
         <alignment>0x4</alignment>
         <input_file_ref idref="fl-31"/>
      </object_component>
      <object_component id="oc-176">
         <name>.text.UART_Init</name>
         <load_address>0x154e8</load_address>
         <readonly>true</readonly>
         <executable>true</executable>
         <run_address>0x154e8</run_address>
         <size>0xe8</size>
         <alignment>0x4</alignment>
         <input_file_ref idref="fl-c"/>
      </object_component>
      <object_component id="oc-136">
         <name>.text.setvbuf</name>
         <load_address>0x155d0</load_address>
         <readonly>true</readonly>
         <executable>true</executable>
         <run_address>0x155d0</run_address>
         <size>0xdc</size>
         <alignment>0x4</alignment>
         <input_file_ref idref="fl-2b"/>
      </object_component>
      <object_component id="oc-1c9">
         <name>.text.ST7735_OutChar</name>
         <load_address>0x156ac</load_address>
         <readonly>true</readonly>
         <executable>true</executable>
         <run_address>0x156ac</run_address>
         <size>0xd0</size>
         <alignment>0x4</alignment>
         <input_file_ref idref="fl-8"/>
      </object_component>
      <object_component id="oc-178">
         <name>.text.TimerG7_IntArm</name>
         <load_address>0x1577c</load_address>
         <readonly>true</readonly>
         <executable>true</executable>
         <run_address>0x1577c</run_address>
         <size>0xa8</size>
         <alignment>0x4</alignment>
         <input_file_ref idref="fl-d"/>
      </object_component>
      <object_component id="oc-204">
         <name>.text.open</name>
         <load_address>0x15824</load_address>
         <readonly>true</readonly>
         <executable>true</executable>
         <run_address>0x15824</run_address>
         <size>0xa8</size>
         <alignment>0x4</alignment>
         <input_file_ref idref="fl-b2"/>
      </object_component>
      <object_component id="oc-1a2">
         <name>.text.commandList</name>
         <load_address>0x158cc</load_address>
         <readonly>true</readonly>
         <executable>true</executable>
         <run_address>0x158cc</run_address>
         <size>0xa2</size>
         <alignment>0x2</alignment>
         <input_file_ref idref="fl-8"/>
      </object_component>
      <object_component id="oc-dc">
         <name>.text.LED_Init</name>
         <load_address>0x1596e</load_address>
         <readonly>true</readonly>
         <executable>true</executable>
         <run_address>0x1596e</run_address>
         <size>0x2</size>
         <alignment>0x2</alignment>
         <input_file_ref idref="fl-4"/>
      </object_component>
      <object_component id="oc-d6">
         <name>.text.ST7735_InitPrintf</name>
         <load_address>0x15970</load_address>
         <readonly>true</readonly>
         <executable>true</executable>
         <run_address>0x15970</run_address>
         <size>0x9c</size>
         <alignment>0x4</alignment>
         <input_file_ref idref="fl-8"/>
      </object_component>
      <object_component id="oc-12a">
         <name>.text.ST7735_InitR</name>
         <load_address>0x15a0c</load_address>
         <readonly>true</readonly>
         <executable>true</executable>
         <run_address>0x15a0c</run_address>
         <size>0x98</size>
         <alignment>0x4</alignment>
         <input_file_ref idref="fl-8"/>
      </object_component>
      <object_component id="oc-e8">
         <name>.text.TimerG12_IntArm</name>
         <load_address>0x15aa4</load_address>
         <readonly>true</readonly>
         <executable>true</executable>
         <run_address>0x15aa4</run_address>
         <size>0x94</size>
         <alignment>0x4</alignment>
         <input_file_ref idref="fl-d"/>
      </object_component>
      <object_component id="oc-14e">
         <name>.text.setAddrWindow</name>
         <load_address>0x15b38</load_address>
         <readonly>true</readonly>
         <executable>true</executable>
         <run_address>0x15b38</run_address>
         <size>0x88</size>
         <alignment>0x4</alignment>
         <input_file_ref idref="fl-8"/>
      </object_component>
      <object_component id="oc-1d2">
         <name>.text.ST7735_DrawString</name>
         <load_address>0x15bc0</load_address>
         <readonly>true</readonly>
         <executable>true</executable>
         <run_address>0x15bc0</run_address>
         <size>0x84</size>
         <alignment>0x2</alignment>
         <input_file_ref idref="fl-8"/>
      </object_component>
      <object_component id="oc-180">
         <name>.text.ST7735_OutUDec</name>
         <load_address>0x15c44</load_address>
         <readonly>true</readonly>
         <executable>true</executable>
         <run_address>0x15c44</run_address>
         <size>0x84</size>
         <alignment>0x4</alignment>
         <input_file_ref idref="fl-8"/>
      </object_component>
      <object_component id="oc-d1">
         <name>.text.LaunchPad_Init</name>
         <load_address>0x15cc8</load_address>
         <readonly>true</readonly>
         <executable>true</executable>
         <run_address>0x15cc8</run_address>
         <size>0x7c</size>
         <alignment>0x4</alignment>
         <input_file_ref idref="fl-6"/>
      </object_component>
      <object_component id="oc-1bc">
         <name>.text.__TI_closefile</name>
         <load_address>0x15d44</load_address>
         <readonly>true</readonly>
         <executable>true</executable>
         <run_address>0x15d44</run_address>
         <size>0x7c</size>
         <alignment>0x4</alignment>
         <input_file_ref idref="fl-39"/>
      </object_component>
      <object_component id="oc-e5">
         <name>.text.ADCinit</name>
         <load_address>0x15dc0</load_address>
         <readonly>true</readonly>
         <executable>true</executable>
         <run_address>0x15dc0</run_address>
         <size>0x78</size>
         <alignment>0x4</alignment>
         <input_file_ref idref="fl-1"/>
      </object_component>
      <object_component id="oc-1c">
         <name>.text:decompress:lzss</name>
         <load_address>0x15e38</load_address>
         <readonly>true</readonly>
         <executable>true</executable>
         <run_address>0x15e38</run_address>
         <size>0x78</size>
         <alignment>0x4</alignment>
         <input_file_ref idref="fl-35"/>
      </object_component>
      <object_component id="oc-21e">
         <name>.text.ST7735_DrawPixel</name>
         <load_address>0x15eb0</load_address>
         <readonly>true</readonly>
         <executable>true</executable>
         <run_address>0x15eb0</run_address>
         <size>0x70</size>
         <alignment>0x4</alignment>
         <input_file_ref idref="fl-8"/>
      </object_component>
      <object_component id="oc-1f2">
         <name>.text.HOSTlseek</name>
         <load_address>0x15f20</load_address>
         <readonly>true</readonly>
         <executable>true</executable>
         <run_address>0x15f20</run_address>
         <size>0x6c</size>
         <alignment>0x4</alignment>
         <input_file_ref idref="fl-b8"/>
      </object_component>
      <object_component id="oc-1fa">
         <name>.text.HOSTrename</name>
         <load_address>0x15f8c</load_address>
         <readonly>true</readonly>
         <executable>true</executable>
         <run_address>0x15f8c</run_address>
         <size>0x6c</size>
         <alignment>0x4</alignment>
         <input_file_ref idref="fl-bb"/>
      </object_component>
      <object_component id="oc-23f">
         <name>.text.getdevice</name>
         <load_address>0x15ff8</load_address>
         <readonly>true</readonly>
         <executable>true</executable>
         <run_address>0x15ff8</run_address>
         <size>0x68</size>
         <alignment>0x4</alignment>
         <input_file_ref idref="fl-d2"/>
      </object_component>
      <object_component id="oc-256">
         <name>.text.split</name>
         <load_address>0x16060</load_address>
         <readonly>true</readonly>
         <executable>true</executable>
         <run_address>0x16060</run_address>
         <size>0x64</size>
         <alignment>0x4</alignment>
         <input_file_ref idref="fl-31"/>
      </object_component>
      <object_component id="oc-1e2">
         <name>.text.HOSTopen</name>
         <load_address>0x160c4</load_address>
         <readonly>true</readonly>
         <executable>true</executable>
         <run_address>0x160c4</run_address>
         <size>0x60</size>
         <alignment>0x4</alignment>
         <input_file_ref idref="fl-b9"/>
      </object_component>
      <object_component id="oc-172">
         <name>.text.DAC5_Init</name>
         <load_address>0x16124</load_address>
         <readonly>true</readonly>
         <executable>true</executable>
         <run_address>0x16124</run_address>
         <size>0x5c</size>
         <alignment>0x4</alignment>
         <input_file_ref idref="fl-3"/>
      </object_component>
      <object_component id="oc-1ea">
         <name>.text.HOSTread</name>
         <load_address>0x16180</load_address>
         <readonly>true</readonly>
         <executable>true</executable>
         <run_address>0x16180</run_address>
         <size>0x58</size>
         <alignment>0x4</alignment>
         <input_file_ref idref="fl-ba"/>
      </object_component>
      <object_component id="oc-1ee">
         <name>.text.HOSTwrite</name>
         <load_address>0x161d8</load_address>
         <readonly>true</readonly>
         <executable>true</executable>
         <run_address>0x161d8</run_address>
         <size>0x58</size>
         <alignment>0x4</alignment>
         <input_file_ref idref="fl-bd"/>
      </object_component>
      <object_component id="oc-e7">
         <name>.text.TExaS_Init</name>
         <load_address>0x16230</load_address>
         <readonly>true</readonly>
         <executable>true</executable>
         <run_address>0x16230</run_address>
         <size>0x58</size>
         <alignment>0x4</alignment>
         <input_file_ref idref="fl-c"/>
      </object_component>
      <object_component id="oc-1d1">
         <name>.text.fillmessage</name>
         <load_address>0x16288</load_address>
         <readonly>true</readonly>
         <executable>true</executable>
         <run_address>0x16288</run_address>
         <size>0x54</size>
         <alignment>0x4</alignment>
         <input_file_ref idref="fl-8"/>
      </object_component>
      <object_component id="oc-208">
         <name>.text.__TI_doflush</name>
         <load_address>0x162dc</load_address>
         <readonly>true</readonly>
         <executable>true</executable>
         <run_address>0x162dc</run_address>
         <size>0x52</size>
         <alignment>0x2</alignment>
         <input_file_ref idref="fl-3a"/>
      </object_component>
      <object_component id="oc-b4">
         <name>.text.__aeabi_idiv0</name>
         <load_address>0x1632e</load_address>
         <readonly>true</readonly>
         <executable>true</executable>
         <run_address>0x1632e</run_address>
         <size>0x2</size>
         <alignment>0x2</alignment>
         <input_file_ref idref="fl-d1"/>
      </object_component>
      <object_component id="oc-20e">
         <name>.text.close</name>
         <load_address>0x16330</load_address>
         <readonly>true</readonly>
         <executable>true</executable>
         <run_address>0x16330</run_address>
         <size>0x50</size>
         <alignment>0x4</alignment>
         <input_file_ref idref="fl-b4"/>
      </object_component>
      <object_component id="oc-1e6">
         <name>.text.HOSTclose</name>
         <load_address>0x16380</load_address>
         <readonly>true</readonly>
         <executable>true</executable>
         <run_address>0x16380</run_address>
         <size>0x48</size>
         <alignment>0x4</alignment>
         <input_file_ref idref="fl-b7"/>
      </object_component>
      <object_component id="oc-1f6">
         <name>.text.HOSTunlink</name>
         <load_address>0x163c8</load_address>
         <readonly>true</readonly>
         <executable>true</executable>
         <run_address>0x163c8</run_address>
         <size>0x48</size>
         <alignment>0x4</alignment>
         <input_file_ref idref="fl-bc"/>
      </object_component>
      <object_component id="oc-1a3">
         <name>.text.SPI_OutCommand</name>
         <load_address>0x16410</load_address>
         <readonly>true</readonly>
         <executable>true</executable>
         <run_address>0x16410</run_address>
         <size>0x48</size>
         <alignment>0x4</alignment>
         <input_file_ref idref="fl-7"/>
      </object_component>
      <object_component id="oc-7f">
         <name>.text.ADCin</name>
         <load_address>0x16458</load_address>
         <readonly>true</readonly>
         <executable>true</executable>
         <run_address>0x16458</run_address>
         <size>0x44</size>
         <alignment>0x4</alignment>
         <input_file_ref idref="fl-1"/>
      </object_component>
      <object_component id="oc-37">
         <name>.text.SysTick_Handler</name>
         <load_address>0x1649c</load_address>
         <readonly>true</readonly>
         <executable>true</executable>
         <run_address>0x1649c</run_address>
         <size>0x44</size>
         <alignment>0x4</alignment>
         <input_file_ref idref="fl-a"/>
      </object_component>
      <object_component id="oc-173">
         <name>.text.SysTick_IntArm</name>
         <load_address>0x164e0</load_address>
         <readonly>true</readonly>
         <executable>true</executable>
         <run_address>0x164e0</run_address>
         <size>0x44</size>
         <alignment>0x4</alignment>
         <input_file_ref idref="fl-a"/>
      </object_component>
      <object_component id="oc-220">
         <name>.text.SPI_Reset</name>
         <load_address>0x16524</load_address>
         <readonly>true</readonly>
         <executable>true</executable>
         <run_address>0x16524</run_address>
         <size>0x40</size>
         <alignment>0x4</alignment>
         <input_file_ref idref="fl-7"/>
      </object_component>
      <object_component id="oc-3c">
         <name>.text.TIMG7_IRQHandler</name>
         <load_address>0x16564</load_address>
         <readonly>true</readonly>
         <executable>true</executable>
         <run_address>0x16564</run_address>
         <size>0x40</size>
         <alignment>0x4</alignment>
         <input_file_ref idref="fl-c"/>
      </object_component>
      <object_component id="oc-84">
         <name>.text.__aeabi_uidivmod</name>
         <load_address>0x165a4</load_address>
         <readonly>true</readonly>
         <executable>true</executable>
         <run_address>0x165a4</run_address>
         <size>0x40</size>
         <alignment>0x4</alignment>
         <input_file_ref idref="fl-cc"/>
      </object_component>
      <object_component id="oc-1b8">
         <name>.text._search_fp</name>
         <load_address>0x165e4</load_address>
         <readonly>true</readonly>
         <executable>true</executable>
         <run_address>0x165e4</run_address>
         <size>0x40</size>
         <alignment>0x4</alignment>
         <input_file_ref idref="fl-2a"/>
      </object_component>
      <object_component id="oc-10a">
         <name>.text:__TI_auto_init_nobinit_nopinit</name>
         <load_address>0x16624</load_address>
         <readonly>true</readonly>
         <executable>true</executable>
         <run_address>0x16624</run_address>
         <size>0x3c</size>
         <alignment>0x4</alignment>
         <input_file_ref idref="fl-3e"/>
      </object_component>
      <object_component id="oc-127">
         <name>.text.ActivatePortA_B</name>
         <load_address>0x16660</load_address>
         <readonly>true</readonly>
         <executable>true</executable>
         <run_address>0x16660</run_address>
         <size>0x38</size>
         <alignment>0x4</alignment>
         <input_file_ref idref="fl-6"/>
      </object_component>
      <object_component id="oc-14f">
         <name>.text.SPI_OutData</name>
         <load_address>0x16698</load_address>
         <readonly>true</readonly>
         <executable>true</executable>
         <run_address>0x16698</run_address>
         <size>0x38</size>
         <alignment>0x4</alignment>
         <input_file_ref idref="fl-7"/>
      </object_component>
      <object_component id="oc-1ac">
         <name>.text.finddevice</name>
         <load_address>0x166d0</load_address>
         <readonly>true</readonly>
         <executable>true</executable>
         <run_address>0x166d0</run_address>
         <size>0x38</size>
         <alignment>0x4</alignment>
         <input_file_ref idref="fl-d2"/>
      </object_component>
      <object_component id="oc-ee">
         <name>.text.Clock_Delay1ms</name>
         <load_address>0x16708</load_address>
         <readonly>true</readonly>
         <executable>true</executable>
         <run_address>0x16708</run_address>
         <size>0x34</size>
         <alignment>0x4</alignment>
         <input_file_ref idref="fl-2"/>
      </object_component>
      <object_component id="oc-154">
         <name>.text.ST7735_SetCursor</name>
         <load_address>0x1673c</load_address>
         <readonly>true</readonly>
         <executable>true</executable>
         <run_address>0x1673c</run_address>
         <size>0x34</size>
         <alignment>0x4</alignment>
         <input_file_ref idref="fl-8"/>
      </object_component>
      <object_component id="oc-13d">
         <name>.text.ST7735_write</name>
         <load_address>0x16770</load_address>
         <readonly>true</readonly>
         <executable>true</executable>
         <run_address>0x16770</run_address>
         <size>0x34</size>
         <alignment>0x2</alignment>
         <input_file_ref idref="fl-8"/>
      </object_component>
      <object_component id="oc-17b">
         <name>.text.Sound_Start</name>
         <load_address>0x167a4</load_address>
         <readonly>true</readonly>
         <executable>true</executable>
         <run_address>0x167a4</run_address>
         <size>0x34</size>
         <alignment>0x4</alignment>
         <input_file_ref idref="fl-a"/>
      </object_component>
      <object_component id="oc-1c5">
         <name>.text.__TI_cleanup</name>
         <load_address>0x167d8</load_address>
         <readonly>true</readonly>
         <executable>true</executable>
         <run_address>0x167d8</run_address>
         <size>0x34</size>
         <alignment>0x4</alignment>
         <input_file_ref idref="fl-2a"/>
      </object_component>
      <object_component id="oc-227">
         <name>.text.__TI_readmsg</name>
         <load_address>0x1680c</load_address>
         <readonly>true</readonly>
         <executable>true</executable>
         <run_address>0x1680c</run_address>
         <size>0x34</size>
         <alignment>0x4</alignment>
         <input_file_ref idref="fl-be"/>
      </object_component>
      <object_component id="oc-221">
         <name>.text.__TI_writemsg</name>
         <load_address>0x16840</load_address>
         <readonly>true</readonly>
         <executable>true</executable>
         <run_address>0x16840</run_address>
         <size>0x34</size>
         <alignment>0x4</alignment>
         <input_file_ref idref="fl-be"/>
      </object_component>
      <object_component id="oc-108">
         <name>.text.exit</name>
         <load_address>0x16874</load_address>
         <readonly>true</readonly>
         <executable>true</executable>
         <run_address>0x16874</run_address>
         <size>0x34</size>
         <alignment>0x4</alignment>
         <input_file_ref idref="fl-2d"/>
      </object_component>
      <object_component id="oc-135">
         <name>.text.freopen</name>
         <load_address>0x168a8</load_address>
         <readonly>true</readonly>
         <executable>true</executable>
         <run_address>0x168a8</run_address>
         <size>0x34</size>
         <alignment>0x4</alignment>
         <input_file_ref idref="fl-2a"/>
      </object_component>
      <object_component id="oc-1a1">
         <name>.text.commonInit</name>
         <load_address>0x168dc</load_address>
         <readonly>true</readonly>
         <executable>true</executable>
         <run_address>0x168dc</run_address>
         <size>0x30</size>
         <alignment>0x4</alignment>
         <input_file_ref idref="fl-8"/>
      </object_component>
      <object_component id="oc-12f">
         <name>.text.fopen</name>
         <load_address>0x1690c</load_address>
         <readonly>true</readonly>
         <executable>true</executable>
         <run_address>0x1690c</run_address>
         <size>0x30</size>
         <alignment>0x4</alignment>
         <input_file_ref idref="fl-2a"/>
      </object_component>
      <object_component id="oc-e1">
         <name>.text.ST7735_FillScreen</name>
         <load_address>0x1693c</load_address>
         <readonly>true</readonly>
         <executable>true</executable>
         <run_address>0x1693c</run_address>
         <size>0x2c</size>
         <alignment>0x4</alignment>
         <input_file_ref idref="fl-8"/>
      </object_component>
      <object_component id="oc-24e">
         <name>.text.unlink</name>
         <load_address>0x16968</load_address>
         <readonly>true</readonly>
         <executable>true</executable>
         <run_address>0x16968</run_address>
         <size>0x2c</size>
         <alignment>0x4</alignment>
         <input_file_ref idref="fl-b6"/>
      </object_component>
      <object_component id="oc-175">
         <name>.text.ADC_Start</name>
         <load_address>0x16994</load_address>
         <readonly>true</readonly>
         <executable>true</executable>
         <run_address>0x16994</run_address>
         <size>0x28</size>
         <alignment>0x4</alignment>
         <input_file_ref idref="fl-c"/>
      </object_component>
      <object_component id="oc-db">
         <name>.text.Switch_Init</name>
         <load_address>0x169bc</load_address>
         <readonly>true</readonly>
         <executable>true</executable>
         <run_address>0x169bc</run_address>
         <size>0x28</size>
         <alignment>0x4</alignment>
         <input_file_ref idref="fl-b"/>
      </object_component>
      <object_component id="oc-21b">
         <name>.text.free_list_insert</name>
         <load_address>0x169e4</load_address>
         <readonly>true</readonly>
         <executable>true</executable>
         <run_address>0x169e4</run_address>
         <size>0x28</size>
         <alignment>0x4</alignment>
         <input_file_ref idref="fl-31"/>
      </object_component>
      <object_component id="oc-245">
         <name>.text.write</name>
         <load_address>0x16a0c</load_address>
         <readonly>true</readonly>
         <executable>true</executable>
         <run_address>0x16a0c</run_address>
         <size>0x28</size>
         <alignment>0x4</alignment>
         <input_file_ref idref="fl-af"/>
      </object_component>
      <object_component id="oc-61">
         <name>.text:_c_int00_noargs</name>
         <load_address>0x16a34</load_address>
         <readonly>true</readonly>
         <executable>true</executable>
         <run_address>0x16a34</run_address>
         <size>0x28</size>
         <alignment>0x4</alignment>
         <input_file_ref idref="fl-36"/>
      </object_component>
      <object_component id="oc-155">
         <name>.text.ST7735_OutString</name>
         <load_address>0x16a5c</load_address>
         <readonly>true</readonly>
         <executable>true</executable>
         <run_address>0x16a5c</run_address>
         <size>0x26</size>
         <alignment>0x2</alignment>
         <input_file_ref idref="fl-8"/>
      </object_component>
      <object_component id="oc-1d6">
         <name>.text._nop</name>
         <load_address>0x16a82</load_address>
         <readonly>true</readonly>
         <executable>true</executable>
         <run_address>0x16a82</run_address>
         <size>0x2</size>
         <alignment>0x2</alignment>
         <input_file_ref idref="fl-2e"/>
      </object_component>
      <object_component id="oc-6d">
         <name>.text.DAC5_Out</name>
         <load_address>0x16a84</load_address>
         <readonly>true</readonly>
         <executable>true</executable>
         <run_address>0x16a84</run_address>
         <size>0x20</size>
         <alignment>0x4</alignment>
         <input_file_ref idref="fl-3"/>
      </object_component>
      <object_component id="oc-f4">
         <name>.text.Random32</name>
         <load_address>0x16aa4</load_address>
         <readonly>true</readonly>
         <executable>true</executable>
         <run_address>0x16aa4</run_address>
         <size>0x20</size>
         <alignment>0x4</alignment>
         <input_file_ref idref="fl-5"/>
      </object_component>
      <object_component id="oc-e6">
         <name>.text.Sound_Init</name>
         <load_address>0x16ac4</load_address>
         <readonly>true</readonly>
         <executable>true</executable>
         <run_address>0x16ac4</run_address>
         <size>0x20</size>
         <alignment>0x4</alignment>
         <input_file_ref idref="fl-a"/>
      </object_component>
      <object_component id="oc-7a">
         <name>.text.Switch_In</name>
         <load_address>0x16ae4</load_address>
         <readonly>true</readonly>
         <executable>true</executable>
         <run_address>0x16ae4</run_address>
         <size>0x20</size>
         <alignment>0x4</alignment>
         <input_file_ref idref="fl-b"/>
      </object_component>
      <object_component id="oc-258">
         <name>.text.pushColor</name>
         <load_address>0x16b04</load_address>
         <readonly>true</readonly>
         <executable>true</executable>
         <run_address>0x16b04</run_address>
         <size>0x1e</size>
         <alignment>0x2</alignment>
         <input_file_ref idref="fl-8"/>
      </object_component>
      <object_component id="oc-219">
         <name>.text.free_list_remove</name>
         <load_address>0x16b24</load_address>
         <readonly>true</readonly>
         <executable>true</executable>
         <run_address>0x16b24</run_address>
         <size>0x1c</size>
         <alignment>0x4</alignment>
         <input_file_ref idref="fl-31"/>
      </object_component>
      <object_component id="oc-140">
         <name>.text.ST7735_open</name>
         <load_address>0x16b40</load_address>
         <readonly>true</readonly>
         <executable>true</executable>
         <run_address>0x16b40</run_address>
         <size>0x16</size>
         <alignment>0x2</alignment>
         <input_file_ref idref="fl-8"/>
      </object_component>
      <object_component id="oc-13e">
         <name>.text.ST7735_read</name>
         <load_address>0x16b56</load_address>
         <readonly>true</readonly>
         <executable>true</executable>
         <run_address>0x16b56</run_address>
         <size>0x16</size>
         <alignment>0x2</alignment>
         <input_file_ref idref="fl-8"/>
      </object_component>
      <object_component id="oc-58">
         <name>.text:decompress:ZI:__TI_zero_init_nomemset</name>
         <load_address>0x16b6c</load_address>
         <readonly>true</readonly>
         <executable>true</executable>
         <run_address>0x16b6c</run_address>
         <size>0x16</size>
         <alignment>0x2</alignment>
         <input_file_ref idref="fl-33"/>
      </object_component>
      <object_component id="oc-ed">
         <name>.text.Sound_CHOKE</name>
         <load_address>0x16b84</load_address>
         <readonly>true</readonly>
         <executable>true</executable>
         <run_address>0x16b84</run_address>
         <size>0x14</size>
         <alignment>0x4</alignment>
         <input_file_ref idref="fl-a"/>
      </object_component>
      <object_component id="oc-fd">
         <name>.text.Sound_GULP</name>
         <load_address>0x16b98</load_address>
         <readonly>true</readonly>
         <executable>true</executable>
         <run_address>0x16b98</run_address>
         <size>0x14</size>
         <alignment>0x4</alignment>
         <input_file_ref idref="fl-a"/>
      </object_component>
      <object_component id="oc-fc">
         <name>.text.Sound_NOM</name>
         <load_address>0x16bac</load_address>
         <readonly>true</readonly>
         <executable>true</executable>
         <run_address>0x16bac</run_address>
         <size>0x14</size>
         <alignment>0x4</alignment>
         <input_file_ref idref="fl-a"/>
      </object_component>
      <object_component id="oc-23b">
         <name>.text.strcpy</name>
         <load_address>0x16bc0</load_address>
         <readonly>true</readonly>
         <executable>true</executable>
         <run_address>0x16bc0</run_address>
         <size>0x12</size>
         <alignment>0x2</alignment>
         <input_file_ref idref="fl-bb"/>
      </object_component>
      <object_component id="oc-c6">
         <name>.text:TI_memcpy_small</name>
         <load_address>0x16bd2</load_address>
         <readonly>true</readonly>
         <executable>true</executable>
         <run_address>0x16bd2</run_address>
         <size>0x12</size>
         <alignment>0x1</alignment>
         <input_file_ref idref="fl-d3"/>
      </object_component>
      <object_component id="oc-20">
         <name>.text:decompress:none</name>
         <load_address>0x16be4</load_address>
         <readonly>true</readonly>
         <executable>true</executable>
         <run_address>0x16be4</run_address>
         <size>0x12</size>
         <alignment>0x2</alignment>
         <input_file_ref idref="fl-34"/>
      </object_component>
      <object_component id="oc-171">
         <name>.text.Clock_Delay</name>
         <load_address>0x16bf6</load_address>
         <readonly>true</readonly>
         <executable>true</executable>
         <run_address>0x16bf6</run_address>
         <size>0x10</size>
         <alignment>0x2</alignment>
         <input_file_ref idref="fl-2"/>
      </object_component>
      <object_component id="oc-f8">
         <name>.text.TExaS_LaunchPadLogicPB27PB26</name>
         <load_address>0x16c08</load_address>
         <readonly>true</readonly>
         <executable>true</executable>
         <run_address>0x16c08</run_address>
         <size>0x10</size>
         <alignment>0x4</alignment>
         <input_file_ref idref="fl-5"/>
      </object_component>
      <object_component id="oc-21a">
         <name>.text.OUTLINED_FUNCTION_0</name>
         <load_address>0x16c18</load_address>
         <readonly>true</readonly>
         <executable>true</executable>
         <run_address>0x16c18</run_address>
         <size>0xe</size>
         <alignment>0x2</alignment>
         <input_file_ref idref="fl-31"/>
      </object_component>
      <object_component id="oc-13c">
         <name>.text.ST7735_lseek</name>
         <load_address>0x16c26</load_address>
         <readonly>true</readonly>
         <executable>true</executable>
         <run_address>0x16c26</run_address>
         <size>0xe</size>
         <alignment>0x2</alignment>
         <input_file_ref idref="fl-8"/>
      </object_component>
      <object_component id="oc-23c">
         <name>.text.strlen</name>
         <load_address>0x16c34</load_address>
         <readonly>true</readonly>
         <executable>true</executable>
         <run_address>0x16c34</run_address>
         <size>0xe</size>
         <alignment>0x2</alignment>
         <input_file_ref idref="fl-bb"/>
      </object_component>
      <object_component id="oc-120">
         <name>.text:TI_memset_small</name>
         <load_address>0x16c42</load_address>
         <readonly>true</readonly>
         <executable>true</executable>
         <run_address>0x16c42</run_address>
         <size>0xe</size>
         <alignment>0x1</alignment>
         <input_file_ref idref="fl-d4"/>
      </object_component>
      <object_component id="oc-177">
         <name>.text.Clock_Freq</name>
         <load_address>0x16c50</load_address>
         <readonly>true</readonly>
         <executable>true</executable>
         <run_address>0x16c50</run_address>
         <size>0xc</size>
         <alignment>0x4</alignment>
         <input_file_ref idref="fl-2"/>
      </object_component>
      <object_component id="oc-13a">
         <name>.text.ST7735_rename</name>
         <load_address>0x16c5c</load_address>
         <readonly>true</readonly>
         <executable>true</executable>
         <run_address>0x16c5c</run_address>
         <size>0xc</size>
         <alignment>0x2</alignment>
         <input_file_ref idref="fl-8"/>
      </object_component>
      <object_component id="oc-9a">
         <name>.text.__aeabi_memclr</name>
         <load_address>0x16c68</load_address>
         <readonly>true</readonly>
         <executable>true</executable>
         <run_address>0x16c68</run_address>
         <size>0xc</size>
         <alignment>0x4</alignment>
         <input_file_ref idref="fl-cb"/>
      </object_component>
      <object_component id="oc-1c4">
         <name>.text.malloc</name>
         <load_address>0x16c74</load_address>
         <readonly>true</readonly>
         <executable>true</executable>
         <run_address>0x16c74</run_address>
         <size>0xc</size>
         <alignment>0x2</alignment>
         <input_file_ref idref="fl-31"/>
      </object_component>
      <object_component id="oc-d0">
         <name>.text.PLL_Init</name>
         <load_address>0x16c80</load_address>
         <readonly>true</readonly>
         <executable>true</executable>
         <run_address>0x16c80</run_address>
         <size>0xa</size>
         <alignment>0x2</alignment>
         <input_file_ref idref="fl-5"/>
      </object_component>
      <object_component id="oc-141">
         <name>.text.ST7735_close</name>
         <load_address>0x16c8a</load_address>
         <readonly>true</readonly>
         <executable>true</executable>
         <run_address>0x16c8a</run_address>
         <size>0xa</size>
         <alignment>0x2</alignment>
         <input_file_ref idref="fl-8"/>
      </object_component>
      <object_component id="oc-13b">
         <name>.text.ST7735_unlink</name>
         <load_address>0x16c94</load_address>
         <readonly>true</readonly>
         <executable>true</executable>
         <run_address>0x16c94</run_address>
         <size>0xa</size>
         <alignment>0x2</alignment>
         <input_file_ref idref="fl-8"/>
      </object_component>
      <object_component id="oc-51">
         <name>.text.__aeabi_memcpy</name>
         <load_address>0x16ca0</load_address>
         <readonly>true</readonly>
         <executable>true</executable>
         <run_address>0x16ca0</run_address>
         <size>0x8</size>
         <alignment>0x4</alignment>
         <input_file_ref idref="fl-ca"/>
      </object_component>
      <object_component id="oc-212">
         <name>.text.remove</name>
         <load_address>0x16ca8</load_address>
         <readonly>true</readonly>
         <executable>true</executable>
         <run_address>0x16ca8</run_address>
         <size>0x8</size>
         <alignment>0x2</alignment>
         <input_file_ref idref="fl-b1"/>
      </object_component>
      <object_component id="oc-35">
         <name>.text.Default_Handler</name>
         <load_address>0x16cb0</load_address>
         <readonly>true</readonly>
         <executable>true</executable>
         <run_address>0x16cb0</run_address>
         <size>0x4</size>
         <alignment>0x2</alignment>
         <input_file_ref idref="fl-f"/>
      </object_component>
      <object_component id="oc-36">
         <name>.text.HardFault_Handler</name>
         <load_address>0x16cb4</load_address>
         <readonly>true</readonly>
         <executable>true</executable>
         <run_address>0x16cb4</run_address>
         <size>0x4</size>
         <alignment>0x2</alignment>
         <input_file_ref idref="fl-f"/>
      </object_component>
      <object_component id="oc-31">
         <name>.text.Reset_Handler</name>
         <load_address>0x16cb8</load_address>
         <readonly>true</readonly>
         <executable>true</executable>
         <run_address>0x16cb8</run_address>
         <size>0x4</size>
         <alignment>0x2</alignment>
         <input_file_ref idref="fl-f"/>
      </object_component>
      <object_component id="oc-9f">
         <name>.text._system_pre_init</name>
         <load_address>0x16cbc</load_address>
         <readonly>true</readonly>
         <executable>true</executable>
         <run_address>0x16cbc</run_address>
         <size>0x4</size>
         <alignment>0x2</alignment>
         <input_file_ref idref="fl-3f"/>
      </object_component>
      <object_component id="oc-103">
         <name>.text:abort</name>
         <load_address>0x16cc0</load_address>
         <readonly>true</readonly>
         <executable>true</executable>
         <run_address>0x16cc0</run_address>
         <size>0x4</size>
         <alignment>0x2</alignment>
         <input_file_ref idref="fl-2d"/>
      </object_component>
      <object_component id="oc-2a3">
         <name>.cinit..data.load</name>
         <load_address>0x16cc8</load_address>
         <readonly>true</readonly>
         <run_address>0x16cc8</run_address>
         <size>0xc5</size>
         <alignment>0x1</alignment>
      </object_component>
      <object_component id="oc-2a1">
         <name>__TI_handler_table</name>
         <load_address>0x16d90</load_address>
         <readonly>true</readonly>
         <run_address>0x16d90</run_address>
         <size>0xc</size>
         <alignment>0x4</alignment>
      </object_component>
      <object_component id="oc-2a4">
         <name>.cinit..bss.load</name>
         <load_address>0x16d9c</load_address>
         <readonly>true</readonly>
         <run_address>0x16d9c</run_address>
         <size>0x8</size>
         <alignment>0x4</alignment>
      </object_component>
      <object_component id="oc-2a2">
         <name>__TI_cinit_table</name>
         <load_address>0x16da4</load_address>
         <readonly>true</readonly>
         <run_address>0x16da4</run_address>
         <size>0x10</size>
         <alignment>0x4</alignment>
      </object_component>
      <object_component id="oc-f6">
         <name>.rodata.TITTLESCREEN</name>
         <load_address>0xc0</load_address>
         <readonly>true</readonly>
         <run_address>0xc0</run_address>
         <size>0xa000</size>
         <alignment>0x2</alignment>
         <input_file_ref idref="fl-5"/>
      </object_component>
      <object_component id="oc-17c">
         <name>.rodata.CHOKE</name>
         <load_address>0xa0c0</load_address>
         <readonly>true</readonly>
         <run_address>0xa0c0</run_address>
         <size>0x1ef3</size>
         <alignment>0x1</alignment>
         <input_file_ref idref="fl-a"/>
      </object_component>
      <object_component id="oc-192">
         <name>.rodata.NOM</name>
         <load_address>0xbfb3</load_address>
         <readonly>true</readonly>
         <run_address>0xbfb3</run_address>
         <size>0x1c6f</size>
         <alignment>0x1</alignment>
         <input_file_ref idref="fl-a"/>
      </object_component>
      <object_component id="oc-193">
         <name>.rodata.GULP</name>
         <load_address>0xdc22</load_address>
         <readonly>true</readonly>
         <run_address>0xdc22</run_address>
         <size>0x1b00</size>
         <alignment>0x1</alignment>
         <input_file_ref idref="fl-a"/>
      </object_component>
      <object_component id="oc-bf">
         <name>.rodata.DEADMAN</name>
         <load_address>0xf722</load_address>
         <readonly>true</readonly>
         <run_address>0xf722</run_address>
         <size>0xb58</size>
         <alignment>0x2</alignment>
         <input_file_ref idref="fl-5"/>
      </object_component>
      <object_component id="oc-be">
         <name>.rodata.IMFULL</name>
         <load_address>0x1027a</load_address>
         <readonly>true</readonly>
         <run_address>0x1027a</run_address>
         <size>0xb58</size>
         <alignment>0x2</alignment>
         <input_file_ref idref="fl-5"/>
      </object_component>
      <object_component id="oc-fa">
         <name>.rodata.blankcharacter</name>
         <load_address>0x10dd2</load_address>
         <readonly>true</readonly>
         <run_address>0x10dd2</run_address>
         <size>0xb58</size>
         <alignment>0x2</alignment>
         <input_file_ref idref="fl-5"/>
      </object_component>
      <object_component id="oc-bd">
         <name>.rodata.maincharacteralive</name>
         <load_address>0x1192a</load_address>
         <readonly>true</readonly>
         <run_address>0x1192a</run_address>
         <size>0xb58</size>
         <alignment>0x2</alignment>
         <input_file_ref idref="fl-5"/>
      </object_component>
      <object_component id="oc-21f">
         <name>.rodata.Font</name>
         <load_address>0x12482</load_address>
         <readonly>true</readonly>
         <run_address>0x12482</run_address>
         <size>0x4fb</size>
         <alignment>0x1</alignment>
         <input_file_ref idref="fl-8"/>
      </object_component>
      <object_component id="oc-c2">
         <name>.rodata.burger</name>
         <load_address>0x1297e</load_address>
         <readonly>true</readonly>
         <run_address>0x1297e</run_address>
         <size>0x200</size>
         <alignment>0x2</alignment>
         <input_file_ref idref="fl-5"/>
      </object_component>
      <object_component id="oc-c0">
         <name>.rodata.cakeslice</name>
         <load_address>0x12b7e</load_address>
         <readonly>true</readonly>
         <run_address>0x12b7e</run_address>
         <size>0x200</size>
         <alignment>0x2</alignment>
         <input_file_ref idref="fl-5"/>
      </object_component>
      <object_component id="oc-c4">
         <name>.rodata.pizza</name>
         <load_address>0x12d7e</load_address>
         <readonly>true</readonly>
         <run_address>0x12d7e</run_address>
         <size>0x200</size>
         <alignment>0x2</alignment>
         <input_file_ref idref="fl-5"/>
      </object_component>
      <object_component id="oc-c5">
         <name>.rodata.rottenburger</name>
         <load_address>0x12f7e</load_address>
         <readonly>true</readonly>
         <run_address>0x12f7e</run_address>
         <size>0x200</size>
         <alignment>0x2</alignment>
         <input_file_ref idref="fl-5"/>
      </object_component>
      <object_component id="oc-c3">
         <name>.rodata.rottencake</name>
         <load_address>0x1317e</load_address>
         <readonly>true</readonly>
         <run_address>0x1317e</run_address>
         <size>0x200</size>
         <alignment>0x2</alignment>
         <input_file_ref idref="fl-5"/>
      </object_component>
      <object_component id="oc-c1">
         <name>.rodata.rottenpizza</name>
         <load_address>0x1337e</load_address>
         <readonly>true</readonly>
         <run_address>0x1337e</run_address>
         <size>0x200</size>
         <alignment>0x2</alignment>
         <input_file_ref idref="fl-5"/>
      </object_component>
      <object_component id="oc-1a4">
         <name>.rodata.Rcmd1</name>
         <load_address>0x1357e</load_address>
         <readonly>true</readonly>
         <run_address>0x1357e</run_address>
         <size>0x3b</size>
         <alignment>0x1</alignment>
         <input_file_ref idref="fl-8"/>
      </object_component>
      <object_component id="oc-1a9">
         <name>.rodata.Rcmd3</name>
         <load_address>0x135b9</load_address>
         <readonly>true</readonly>
         <run_address>0x135b9</run_address>
         <size>0x2b</size>
         <alignment>0x1</alignment>
         <input_file_ref idref="fl-8"/>
      </object_component>
      <object_component id="oc-21d">
         <name>.rodata.str1.113694341682079256901</name>
         <load_address>0x135e4</load_address>
         <readonly>true</readonly>
         <run_address>0x135e4</run_address>
         <size>0x16</size>
         <alignment>0x1</alignment>
         <input_file_ref idref="fl-8"/>
      </object_component>
      <object_component id="oc-16e">
         <name>.rodata.str1.100673617047862532481</name>
         <load_address>0x135fa</load_address>
         <readonly>true</readonly>
         <run_address>0x135fa</run_address>
         <size>0x14</size>
         <alignment>0x1</alignment>
         <input_file_ref idref="fl-5"/>
      </object_component>
      <object_component id="oc-164">
         <name>.rodata.str1.121016303565198695451</name>
         <load_address>0x1360e</load_address>
         <readonly>true</readonly>
         <run_address>0x1360e</run_address>
         <size>0x14</size>
         <alignment>0x1</alignment>
         <input_file_ref idref="fl-5"/>
      </object_component>
      <object_component id="oc-156">
         <name>.rodata.str1.140936939954907027641</name>
         <load_address>0x13622</load_address>
         <readonly>true</readonly>
         <run_address>0x13622</run_address>
         <size>0x14</size>
         <alignment>0x1</alignment>
         <input_file_ref idref="fl-5"/>
      </object_component>
      <object_component id="oc-16b">
         <name>.rodata.str1.26490731738026618891</name>
         <load_address>0x13636</load_address>
         <readonly>true</readonly>
         <run_address>0x13636</run_address>
         <size>0x14</size>
         <alignment>0x1</alignment>
         <input_file_ref idref="fl-5"/>
      </object_component>
      <object_component id="oc-159">
         <name>.rodata.str1.37815664167421151901</name>
         <load_address>0x1364a</load_address>
         <readonly>true</readonly>
         <run_address>0x1364a</run_address>
         <size>0x14</size>
         <alignment>0x1</alignment>
         <input_file_ref idref="fl-5"/>
      </object_component>
      <object_component id="oc-16c">
         <name>.rodata.str1.53125912233504566731</name>
         <load_address>0x1365e</load_address>
         <readonly>true</readonly>
         <run_address>0x1365e</run_address>
         <size>0x14</size>
         <alignment>0x1</alignment>
         <input_file_ref idref="fl-5"/>
      </object_component>
      <object_component id="oc-168">
         <name>.rodata.str1.55038541108142910761</name>
         <load_address>0x13672</load_address>
         <readonly>true</readonly>
         <run_address>0x13672</run_address>
         <size>0x14</size>
         <alignment>0x1</alignment>
         <input_file_ref idref="fl-5"/>
      </object_component>
      <object_component id="oc-163">
         <name>.rodata.str1.76186600238955854781</name>
         <load_address>0x13686</load_address>
         <readonly>true</readonly>
         <run_address>0x13686</run_address>
         <size>0x14</size>
         <alignment>0x1</alignment>
         <input_file_ref idref="fl-5"/>
      </object_component>
      <object_component id="oc-15e">
         <name>.rodata.str1.115528394410116847561</name>
         <load_address>0x1369a</load_address>
         <readonly>true</readonly>
         <run_address>0x1369a</run_address>
         <size>0x13</size>
         <alignment>0x1</alignment>
         <input_file_ref idref="fl-5"/>
      </object_component>
      <object_component id="oc-167">
         <name>.rodata.str1.169622003260282843721</name>
         <load_address>0x136ad</load_address>
         <readonly>true</readonly>
         <run_address>0x136ad</run_address>
         <size>0x13</size>
         <alignment>0x1</alignment>
         <input_file_ref idref="fl-5"/>
      </object_component>
      <object_component id="oc-15b">
         <name>.rodata.str1.34244414569600010931</name>
         <load_address>0x136c0</load_address>
         <readonly>true</readonly>
         <run_address>0x136c0</run_address>
         <size>0x13</size>
         <alignment>0x1</alignment>
         <input_file_ref idref="fl-5"/>
      </object_component>
      <object_component id="oc-16d">
         <name>.rodata.str1.153660011996416863931</name>
         <load_address>0x136d3</load_address>
         <readonly>true</readonly>
         <run_address>0x136d3</run_address>
         <size>0x12</size>
         <alignment>0x1</alignment>
         <input_file_ref idref="fl-5"/>
      </object_component>
      <object_component id="oc-15a">
         <name>.rodata.str1.61225035454356512161</name>
         <load_address>0x136e5</load_address>
         <readonly>true</readonly>
         <run_address>0x136e5</run_address>
         <size>0x12</size>
         <alignment>0x1</alignment>
         <input_file_ref idref="fl-5"/>
      </object_component>
      <object_component id="oc-15c">
         <name>.rodata.str1.68612456344931424701</name>
         <load_address>0x136f7</load_address>
         <readonly>true</readonly>
         <run_address>0x136f7</run_address>
         <size>0x12</size>
         <alignment>0x1</alignment>
         <input_file_ref idref="fl-5"/>
      </object_component>
      <object_component id="oc-166">
         <name>.rodata.str1.70005645328161215661</name>
         <load_address>0x13709</load_address>
         <readonly>true</readonly>
         <run_address>0x13709</run_address>
         <size>0x12</size>
         <alignment>0x1</alignment>
         <input_file_ref idref="fl-5"/>
      </object_component>
      <object_component id="oc-15d">
         <name>.rodata.str1.90599160581273653951</name>
         <load_address>0x1371b</load_address>
         <readonly>true</readonly>
         <run_address>0x1371b</run_address>
         <size>0x12</size>
         <alignment>0x1</alignment>
         <input_file_ref idref="fl-5"/>
      </object_component>
      <object_component id="oc-18c">
         <name>.rodata.str1.17282604745850076331</name>
         <load_address>0x1372d</load_address>
         <readonly>true</readonly>
         <run_address>0x1372d</run_address>
         <size>0x11</size>
         <alignment>0x1</alignment>
         <input_file_ref idref="fl-5"/>
      </object_component>
      <object_component id="oc-16f">
         <name>.rodata.str1.24108192050012880921</name>
         <load_address>0x1373e</load_address>
         <readonly>true</readonly>
         <run_address>0x1373e</run_address>
         <size>0x11</size>
         <alignment>0x1</alignment>
         <input_file_ref idref="fl-5"/>
      </object_component>
      <object_component id="oc-165">
         <name>.rodata.str1.33597483660741141901</name>
         <load_address>0x1374f</load_address>
         <readonly>true</readonly>
         <run_address>0x1374f</run_address>
[...]
         <name>ST7735_lseek</name>
         <value>0x16c27</value>
         <object_component_ref idref="oc-13c"/>
      </symbol>
      <symbol id="sm-190">
         <name>ST7735_unlink</name>
         <value>0x16c95</value>
         <object_component_ref idref="oc-13b"/>
      </symbol>
      <symbol id="sm-191">
         <name>ST7735_rename</name>
         <value>0x16c5d</value>
         <object_component_ref idref="oc-13a"/>
      </symbol>
      <symbol id="sm-192">
         <name>ST7735_InitPrintf</name>
         <value>0x15971</value>
         <object_component_ref idref="oc-d6"/>
      </symbol>
      <symbol id="sm-1af">
         <name>SysTick_IntArm</name>
         <value>0x164e1</value>
         <object_component_ref idref="oc-173"/>
      </symbol>
      <symbol id="sm-1b0">
         <name>Sound_Init</name>
         <value>0x16ac5</value>
         <object_component_ref idref="oc-e6"/>
      </symbol>
      <symbol id="sm-1b1">
         <name>SysTick_Handler</name>
         <value>0x1649d</value>
         <object_component_ref idref="oc-37"/>
      </symbol>
      <symbol id="sm-1b2">
         <name>MAX</name>
         <value>0x20200718</value>
      </symbol>
      <symbol id="sm-1b3">
         <name>POINTER</name>
         <value>0x20200720</value>
      </symbol>
      <symbol id="sm-1b4">
         <name>Sound_Start</name>
         <value>0x167a5</value>
         <object_component_ref idref="oc-17b"/>
      </symbol>
      <symbol id="sm-1b5">
         <name>Sound_NOM</name>
         <value>0x16bad</value>
         <object_component_ref idref="oc-fc"/>
      </symbol>
      <symbol id="sm-1b6">
         <name>NOM</name>
         <value>0xbfb3</value>
         <object_component_ref idref="oc-192"/>
      </symbol>
      <symbol id="sm-1b7">
         <name>Sound_CHOKE</name>
         <value>0x16b85</value>
         <object_component_ref idref="oc-ed"/>
      </symbol>
      <symbol id="sm-1b8">
         <name>CHOKE</name>
         <value>0xa0c0</value>
         <object_component_ref idref="oc-17c"/>
      </symbol>
      <symbol id="sm-1b9">
         <name>Sound_GULP</name>
         <value>0x16b99</value>
         <object_component_ref idref="oc-fd"/>
      </symbol>
      <symbol id="sm-1ba">
         <name>GULP</name>
         <value>0xdc22</value>
         <object_component_ref idref="oc-193"/>
      </symbol>
      <symbol id="sm-1c7">
         <name>Switch_Init</name>
         <value>0x169bd</value>
         <object_component_ref idref="oc-db"/>
      </symbol>
      <symbol id="sm-1c8">
         <name>Switch_In</name>
         <value>0x16ae5</value>
         <object_component_ref idref="oc-7a"/>
      </symbol>
      <symbol id="sm-1de">
         <name>ADC_Init</name>
         <value>0x14dcd</value>
         <object_component_ref idref="oc-174"/>
      </symbol>
      <symbol id="sm-1df">
         <name>ADC_Start</name>
         <value>0x16995</value>
         <object_component_ref idref="oc-175"/>
      </symbol>
      <symbol id="sm-1e0">
         <name>UART_Init</name>
         <value>0x154e9</value>
         <object_component_ref idref="oc-176"/>
      </symbol>
      <symbol id="sm-1e1">
         <name>TIMG7_IRQHandler</name>
         <value>0x16565</value>
         <object_component_ref idref="oc-3c"/>
      </symbol>
      <symbol id="sm-1e2">
         <name>TExaSadc</name>
         <value>0x20200728</value>
      </symbol>
      <symbol id="sm-1e3">
         <name>TExaSLogic</name>
         <value>0x20200724</value>
      </symbol>
      <symbol id="sm-1e4">
         <name>TExaS_Init</name>
         <value>0x16231</value>
         <object_component_ref idref="oc-e7"/>
      </symbol>
      <symbol id="sm-1f1">
         <name>TimerG7_IntArm</name>
         <value>0x1577d</value>
         <object_component_ref idref="oc-178"/>
      </symbol>
      <symbol id="sm-1f2">
         <name>TimerG12_IntArm</name>
         <value>0x15aa5</value>
         <object_component_ref idref="oc-e8"/>
      </symbol>
      <symbol id="sm-200">
         <name>Default_Handler</name>
         <value>0x16cb1</value>
         <object_component_ref idref="oc-35"/>
      </symbol>
      <symbol id="sm-201">
         <name>Reset_Handler</name>
         <value>0x16cb9</value>
         <object_component_ref idref="oc-31"/>
      </symbol>
      <symbol id="sm-202">
         <name>HardFault_Handler</name>
         <value>0x16cb5</value>
         <object_component_ref idref="oc-36"/>
      </symbol>
      <symbol id="sm-203">
         <name>interruptVectors</name>
         <value>0x0</value>
         <object_component_ref idref="oc-18"/>
      </symbol>
      <symbol id="sm-204">
         <name>NMI_Handler</name>
         <value>0x16cb1</value>
         <object_component_ref idref="oc-35"/>
      </symbol>
      <symbol id="sm-205">
         <name>SVC_Handler</name>
         <value>0x16cb1</value>
         <object_component_ref idref="oc-35"/>
      </symbol>
      <symbol id="sm-206">
         <name>PendSV_Handler</name>
         <value>0x16cb1</value>
         <object_component_ref idref="oc-35"/>
      </symbol>
      <symbol id="sm-207">
         <name>GROUP0_IRQHandler</name>
         <value>0x16cb1</value>
         <object_component_ref idref="oc-35"/>
      </symbol>
      <symbol id="sm-208">
         <name>GROUP1_IRQHandler</name>
         <value>0x16cb1</value>
         <object_component_ref idref="oc-35"/>
      </symbol>
      <symbol id="sm-209">
         <name>TIMG8_IRQHandler</name>
         <value>0x16cb1</value>
         <object_component_ref idref="oc-35"/>
      </symbol>
      <symbol id="sm-20a">
         <name>UART3_IRQHandler</name>
         <value>0x16cb1</value>
         <object_component_ref idref="oc-35"/>
      </symbol>
      <symbol id="sm-20b">
         <name>ADC0_IRQHandler</name>
         <value>0x16cb1</value>
         <object_component_ref idref="oc-35"/>
      </symbol>
      <symbol id="sm-20c">
         <name>ADC1_IRQHandler</name>
         <value>0x16cb1</value>
         <object_component_ref idref="oc-35"/>
      </symbol>
      <symbol id="sm-20d">
         <name>CANFD0_IRQHandler</name>
         <value>0x16cb1</value>
         <object_component_ref idref="oc-35"/>
      </symbol>
      <symbol id="sm-20e">
         <name>DAC0_IRQHandler</name>
         <value>0x16cb1</value>
         <object_component_ref idref="oc-35"/>
      </symbol>
      <symbol id="sm-20f">
         <name>SPI0_IRQHandler</name>
         <value>0x16cb1</value>
         <object_component_ref idref="oc-35"/>
      </symbol>
      <symbol id="sm-210">
         <name>SPI1_IRQHandler</name>
         <value>0x16cb1</value>
         <object_component_ref idref="oc-35"/>
      </symbol>
      <symbol id="sm-211">
         <name>UART1_IRQHandler</name>
         <value>0x16cb1</value>
         <object_component_ref idref="oc-35"/>
      </symbol>
      <symbol id="sm-212">
         <name>UART2_IRQHandler</name>
         <value>0x16cb1</value>
         <object_component_ref idref="oc-35"/>
      </symbol>
      <symbol id="sm-213">
         <name>UART0_IRQHandler</name>
         <value>0x16cb1</value>
         <object_component_ref idref="oc-35"/>
      </symbol>
      <symbol id="sm-214">
         <name>TIMG0_IRQHandler</name>
         <value>0x16cb1</value>
         <object_component_ref idref="oc-35"/>
      </symbol>
      <symbol id="sm-215">
         <name>TIMG6_IRQHandler</name>
         <value>0x16cb1</value>
         <object_component_ref idref="oc-35"/>
      </symbol>
      <symbol id="sm-216">
         <name>TIMA0_IRQHandler</name>
         <value>0x16cb1</value>
         <object_component_ref idref="oc-35"/>
      </symbol>
      <symbol id="sm-217">
         <name>TIMA1_IRQHandler</name>
         <value>0x16cb1</value>
         <object_component_ref idref="oc-35"/>
      </symbol>
      <symbol id="sm-218">
         <name>I2C0_IRQHandler</name>
         <value>0x16cb1</value>
         <object_component_ref idref="oc-35"/>
      </symbol>
      <symbol id="sm-219">
         <name>I2C1_IRQHandler</name>
         <value>0x16cb1</value>
         <object_component_ref idref="oc-35"/>
      </symbol>
      <symbol id="sm-21a">
         <name>AES_IRQHandler</name>
         <value>0x16cb1</value>
         <object_component_ref idref="oc-35"/>
      </symbol>
      <symbol id="sm-21b">
         <name>RTC_IRQHandler</name>
         <value>0x16cb1</value>
         <object_component_ref idref="oc-35"/>
      </symbol>
      <symbol id="sm-21c">
         <name>DMA_IRQHandler</name>
         <value>0x16cb1</value>
         <object_component_ref idref="oc-35"/>
      </symbol>
      <symbol id="sm-21d">
         <name>__TI_ATRegion0_src_addr</name>
         <value>0x0</value>
      </symbol>
      <symbol id="sm-21e">
         <name>__TI_ATRegion0_trg_addr</name>
         <value>0x0</value>
      </symbol>
      <symbol id="sm-21f">
         <name>__TI_ATRegion0_region_sz</name>
         <value>0x0</value>
      </symbol>
      <symbol id="sm-220">
         <name>__TI_ATRegion1_src_addr</name>
         <value>0x0</value>
      </symbol>
      <symbol id="sm-221">
         <name>__TI_ATRegion1_trg_addr</name>
         <value>0x0</value>
      </symbol>
      <symbol id="sm-222">
         <name>__TI_ATRegion1_region_sz</name>
         <value>0x0</value>
      </symbol>
      <symbol id="sm-223">
         <name>__TI_ATRegion2_src_addr</name>
         <value>0x0</value>
      </symbol>
      <symbol id="sm-224">
         <name>__TI_ATRegion2_trg_addr</name>
         <value>0x0</value>
      </symbol>
      <symbol id="sm-225">
         <name>__TI_ATRegion2_region_sz</name>
         <value>0x0</value>
      </symbol>
      <symbol id="sm-23e">
         <name>fopen</name>
         <value>0x1690d</value>
         <object_component_ref idref="oc-12f"/>
      </symbol>
      <symbol id="sm-23f">
         <name>__TI_cleanup</name>
         <value>0x167d9</value>
         <object_component_ref idref="oc-1c5"/>
      </symbol>
      <symbol id="sm-240">
         <name>freopen</name>
         <value>0x168a9</value>
         <object_component_ref idref="oc-135"/>
      </symbol>
      <symbol id="sm-24a">
         <name>setvbuf</name>
         <value>0x155d1</value>
         <object_component_ref idref="oc-136"/>
      </symbol>
      <symbol id="sm-259">
         <name>abort</name>
         <value>0x16cc1</value>
         <object_component_ref idref="oc-103"/>
      </symbol>
      <symbol id="sm-25a">
         <name>C$$EXIT</name>
         <value>0x16cc0</value>
         <object_component_ref idref="oc-103"/>
      </symbol>
      <symbol id="sm-25b">
         <name>__TI_cleanup_ptr</name>
         <value>0x202002b4</value>
         <object_component_ref idref="oc-198"/>
      </symbol>
      <symbol id="sm-25c">
         <name>__TI_dtors_ptr</name>
         <value>0x202002b8</value>
         <object_component_ref idref="oc-198"/>
      </symbol>
      <symbol id="sm-25d">
         <name>exit</name>
         <value>0x16875</value>
         <object_component_ref idref="oc-108"/>
      </symbol>
      <symbol id="sm-266">
         <name>_nop</name>
         <value>0x16a83</value>
         <object_component_ref idref="oc-1d6"/>
      </symbol>
      <symbol id="sm-267">
         <name>_lock</name>
         <value>0x20200318</value>
         <object_component_ref idref="oc-196"/>
      </symbol>
      <symbol id="sm-268">
         <name>_unlock</name>
         <value>0x2020031c</value>
         <object_component_ref idref="oc-199"/>
      </symbol>
      <symbol id="sm-26e">
         <name>_ftable</name>
         <value>0x20200000</value>
         <object_component_ref idref="oc-144"/>
      </symbol>
      <symbol id="sm-26f">
         <name>__TI_ft_end</name>
         <value>0x20200314</value>
         <object_component_ref idref="oc-203"/>
      </symbol>
      <symbol id="sm-270">
         <name>__TI_tmpnams</name>
         <value>0x20200660</value>
         <object_component_ref idref="oc-216"/>
      </symbol>
      <symbol id="sm-293">
         <name>malloc</name>
         <value>0x16c75</value>
         <object_component_ref idref="oc-1c4"/>
      </symbol>
      <symbol id="sm-294">
         <name>aligned_alloc</name>
         <value>0x14ca1</value>
         <object_component_ref idref="oc-21c"/>
      </symbol>
      <symbol id="sm-295">
         <name>free</name>
         <value>0x153fd</value>
         <object_component_ref idref="oc-1c2"/>
      </symbol>
      <symbol id="sm-296">
         <name>_sys_memory</name>
         <value>0x20200340</value>
         <object_component_ref idref="oc-2f"/>
      </symbol>
      <symbol id="sm-297">
         <name>memalign</name>
         <value>0x14ca1</value>
         <object_component_ref idref="oc-21c"/>
      </symbol>
      <symbol id="sm-2a2">
         <name>__TI_zero_init_nomemset</name>
         <value>0x16b6d</value>
         <object_component_ref idref="oc-58"/>
      </symbol>
      <symbol id="sm-2ab">
         <name>__TI_decompress_none</name>
         <value>0x16be5</value>
         <object_component_ref idref="oc-20"/>
      </symbol>
      <symbol id="sm-2b6">
         <name>__TI_decompress_lzss</name>
         <value>0x15e39</value>
         <object_component_ref idref="oc-1c"/>
      </symbol>
      <symbol id="sm-2c1">
         <name>_c_int00_noargs</name>
         <value>0x16a35</value>
         <object_component_ref idref="oc-61"/>
      </symbol>
      <symbol id="sm-2c2">
         <name>__stack</name>
         <value>0x20207e00</value>
         <object_component_ref idref="oc-1a"/>
      </symbol>
      <symbol id="sm-2cf">
         <name>__TI_closefile</name>
         <value>0x15d45</value>
         <object_component_ref idref="oc-1bc"/>
      </symbol>
      <symbol id="sm-2d9">
         <name>__TI_doflush</name>
         <value>0x162dd</value>
         <object_component_ref idref="oc-208"/>
      </symbol>
      <symbol id="sm-2e7">
         <name>__TI_auto_init_nobinit_nopinit</name>
         <value>0x16625</value>
         <object_component_ref idref="oc-10a"/>
      </symbol>
      <symbol id="sm-2ef">
         <name>_system_pre_init</name>
         <value>0x16cbd</value>
         <object_component_ref idref="oc-9f"/>
      </symbol>
      <symbol id="sm-302">
         <name>write</name>
         <value>0x16a0d</value>
         <object_component_ref idref="oc-245"/>
      </symbol>
      <symbol id="sm-307">
         <name>_device</name>
         <value>0x20200198</value>
         <object_component_ref idref="oc-1b3"/>
      </symbol>
      <symbol id="sm-308">
         <name>_stream</name>
         <value>0x20200264</value>
         <object_component_ref idref="oc-241"/>
      </symbol>
      <symbol id="sm-311">
         <name>remove</name>
         <value>0x16ca9</value>
         <object_component_ref idref="oc-212"/>
      </symbol>
      <symbol id="sm-31d">
         <name>open</name>
         <value>0x15825</value>
         <object_component_ref idref="oc-204"/>
      </symbol>
      <symbol id="sm-328">
         <name>close</name>
         <value>0x16331</value>
         <object_component_ref idref="oc-20e"/>
      </symbol>
      <symbol id="sm-334">
         <name>add_device</name>
         <value>0x15311</value>
         <object_component_ref idref="oc-12b"/>
      </symbol>
      <symbol id="sm-33e">
         <name>unlink</name>
         <value>0x16969</value>
         <object_component_ref idref="oc-24e"/>
      </symbol>
      <symbol id="sm-348">
         <name>HOSTclose</name>
         <value>0x16381</value>
         <object_component_ref idref="oc-1e6"/>
      </symbol>
      <symbol id="sm-352">
         <name>HOSTlseek</name>
         <value>0x15f21</value>
         <object_component_ref idref="oc-1f2"/>
      </symbol>
      <symbol id="sm-35c">
         <name>HOSTopen</name>
         <value>0x160c5</value>
         <object_component_ref idref="oc-1e2"/>
      </symbol>
      <symbol id="sm-35d">
         <name>parmbuf</name>
         <value>0x2020070c</value>
         <object_component_ref idref="oc-228"/>
      </symbol>
      <symbol id="sm-367">
         <name>HOSTread</name>
         <value>0x16181</value>
         <object_component_ref idref="oc-1ea"/>
      </symbol>
      <symbol id="sm-378">
         <name>HOSTrename</name>
         <value>0x15f8d</value>
         <object_component_ref idref="oc-1fa"/>
      </symbol>
      <symbol id="sm-382">
         <name>HOSTunlink</name>
         <value>0x163c9</value>
         <object_component_ref idref="oc-1f6"/>
      </symbol>
      <symbol id="sm-38c">
         <name>HOSTwrite</name>
         <value>0x161d9</value>
         <object_component_ref idref="oc-1ee"/>
      </symbol>
      <symbol id="sm-39a">
         <name>C$$IO$$</name>
         <value>0x1686d</value>
         <object_component_ref idref="oc-221"/>
      </symbol>
      <symbol id="sm-39b">
         <name>__TI_writemsg</name>
         <value>0x16841</value>
         <object_component_ref idref="oc-221"/>
      </symbol>
      <symbol id="sm-39c">
         <name>__CIOBUF_</name>
         <value>0x20200540</value>
         <object_component_ref idref="oc-259"/>
      </symbol>
      <symbol id="sm-39d">
         <name>__TI_readmsg</name>
         <value>0x1680d</value>
         <object_component_ref idref="oc-227"/>
      </symbol>
      <symbol id="sm-39e">
         <name>_CIOBUF_</name>
         <value>0x20200540</value>
         <object_component_ref idref="oc-259"/>
      </symbol>
      <symbol id="sm-3a4">
         <name>__aeabi_memcpy</name>
         <value>0x16ca1</value>
         <object_component_ref idref="oc-51"/>
      </symbol>
      <symbol id="sm-3a5">
         <name>__aeabi_memcpy4</name>
         <value>0x16ca1</value>
         <object_component_ref idref="oc-51"/>
      </symbol>
      <symbol id="sm-3a6">
         <name>__aeabi_memcpy8</name>
         <value>0x16ca1</value>
         <object_component_ref idref="oc-51"/>
      </symbol>
      <symbol id="sm-3ad">
         <name>__aeabi_memclr</name>
         <value>0x16c69</value>
         <object_component_ref idref="oc-9a"/>
      </symbol>
      <symbol id="sm-3ae">
         <name>__aeabi_memclr4</name>
         <value>0x16c69</value>
         <object_component_ref idref="oc-9a"/>
      </symbol>
      <symbol id="sm-3af">
         <name>__aeabi_memclr8</name>
         <value>0x16c69</value>
         <object_component_ref idref="oc-9a"/>
      </symbol>
      <symbol id="sm-3b5">
         <name>__aeabi_uidiv</name>
         <value>0x165a5</value>
         <object_component_ref idref="oc-84"/>
      </symbol>
      <symbol id="sm-3b6">
         <name>__aeabi_uidivmod</name>
         <value>0x165a5</value>
         <object_component_ref idref="oc-84"/>
      </symbol>
      <symbol id="sm-3c1">
         <name>__aeabi_idiv0</name>
         <value>0x1632f</value>
         <object_component_ref idref="oc-b4"/>
      </symbol>
      <symbol id="sm-3cf">
         <name>finddevice</name>
         <value>0x166d1</value>
         <object_component_ref idref="oc-1ac"/>
      </symbol>
      <symbol id="sm-3d0">
         <name>getdevice</name>
         <value>0x15ff9</value>
         <object_component_ref idref="oc-23f"/>
      </symbol>
      <symbol id="sm-3d9">
         <name>TI_memcpy_small</name>
         <value>0x16bd3</value>
         <object_component_ref idref="oc-c6"/>
      </symbol>
      <symbol id="sm-3e2">
         <name>TI_memset_small</name>
         <value>0x16c43</value>
         <object_component_ref idref="oc-120"/>
      </symbol>
      <symbol id="sm-3e3">
         <name>__TI_static_base__</name>
         <value>0x0</value>
      </symbol>
      <symbol id="sm-3e6">
         <name>__mpu_init</name>
         <value>0x0</value>
      </symbol>
      <symbol id="sm-3e7">
         <name>_system_post_cinit</name>
         <value>0x0</value>
      </symbol>
   </symbol_table>
   <title>Link successful</title>
</link_info>
